Archive member included to satisfy reference by file (symbol)

../Middlewares/ST/AI/Lib\NetworkRuntime520_CM4_GCC.a(ai_platform_interface.o)
                              X-CUBE-AI/App/sine_model.o (ai_platform_runtime_get_revision)
../Middlewares/ST/AI/Lib\NetworkRuntime520_CM4_GCC.a(core_mem_manager.o)
                              ../Middlewares/ST/AI/Lib\NetworkRuntime520_CM4_GCC.a(ai_platform_interface.o) (core_mem_alloc)
../Middlewares/ST/AI/Lib\NetworkRuntime520_CM4_GCC.a(core_common.o)
                              ../Middlewares/ST/AI/Lib\NetworkRuntime520_CM4_GCC.a(ai_platform_interface.o) (core_init)
../Middlewares/ST/AI/Lib\NetworkRuntime520_CM4_GCC.a(layers_conv2d_generic_float.o)
                              X-CUBE-AI/App/sine_model.o (forward_dense)
../Middlewares/ST/AI/Lib\NetworkRuntime520_CM4_GCC.a(layers_rnn_generic_float.o)
                              X-CUBE-AI/App/sine_model.o (forward_lstm)
../Middlewares/ST/AI/Lib\NetworkRuntime520_CM4_GCC.a(layers_nl_generic_float.o)
                              X-CUBE-AI/App/sine_model.o (nl_func_sigmoid_array_f32)
../Middlewares/ST/AI/Lib\NetworkRuntime520_CM4_GCC.a(layers.o)
                              ../Middlewares/ST/AI/Lib\NetworkRuntime520_CM4_GCC.a(ai_platform_interface.o) (ai_check_custom_types)
../Middlewares/ST/AI/Lib\NetworkRuntime520_CM4_GCC.a(arm_mat_init_f32.o)
                              ../Middlewares/ST/AI/Lib\NetworkRuntime520_CM4_GCC.a(layers_conv2d_generic_float.o) (arm_mat_init_f32)
../Middlewares/ST/AI/Lib\NetworkRuntime520_CM4_GCC.a(ai_datatypes_format.o)
                              ../Middlewares/ST/AI/Lib\NetworkRuntime520_CM4_GCC.a(ai_platform_interface.o) (ai_array_to_buffer_fmt)
../Middlewares/ST/AI/Lib\NetworkRuntime520_CM4_GCC.a(ai_math_helpers.o)
                              ../Middlewares/ST/AI/Lib\NetworkRuntime520_CM4_GCC.a(layers_nl_generic_float.o) (ai_math_sqrt)
c:/st/stm32cubeide_1.6.0/stm32cubeide/plugins/com.st.stm32cube.ide.mcu.externaltools.gnu-tools-for-stm32.9-2020-q2-update.win32_1.5.0.202011040924/tools/bin/../lib/gcc/arm-none-eabi/9.3.1/../../../../arm-none-eabi/lib/thumb/v7e-m+fp/hard\libc_nano.a(lib_a-errno.o)
                              Core/Src/syscalls.o (__errno)
c:/st/stm32cubeide_1.6.0/stm32cubeide/plugins/com.st.stm32cube.ide.mcu.externaltools.gnu-tools-for-stm32.9-2020-q2-update.win32_1.5.0.202011040924/tools/bin/../lib/gcc/arm-none-eabi/9.3.1/../../../../arm-none-eabi/lib/thumb/v7e-m+fp/hard\libc_nano.a(lib_a-exit.o)
                              c:/st/stm32cubeide_1.6.0/stm32cubeide/plugins/com.st.stm32cube.ide.mcu.externaltools.gnu-tools-for-stm32.9-2020-q2-update.win32_1.5.0.202011040924/tools/bin/../lib/gcc/arm-none-eabi/9.3.1/../../../../arm-none-eabi/lib/thumb/v7e-m+fp/hard/crt0.o (exit)
c:/st/stm32cubeide_1.6.0/stm32cubeide/plugins/com.st.stm32cube.ide.mcu.externaltools.gnu-tools-for-stm32.9-2020-q2-update.win32_1.5.0.202011040924/tools/bin/../lib/gcc/arm-none-eabi/9.3.1/../../../../arm-none-eabi/lib/thumb/v7e-m+fp/hard\libc_nano.a(lib_a-impure.o)
                              c:/st/stm32cubeide_1.6.0/stm32cubeide/plugins/com.st.stm32cube.ide.mcu.externaltools.gnu-tools-for-stm32.9-2020-q2-update.win32_1.5.0.202011040924/tools/bin/../lib/gcc/arm-none-eabi/9.3.1/../../../../arm-none-eabi/lib/thumb/v7e-m+fp/hard\libc_nano.a(lib_a-exit.o) (_global_impure_ptr)
c:/st/stm32cubeide_1.6.0/stm32cubeide/plugins/com.st.stm32cube.ide.mcu.externaltools.gnu-tools-for-stm32.9-2020-q2-update.win32_1.5.0.202011040924/tools/bin/../lib/gcc/arm-none-eabi/9.3.1/../../../../arm-none-eabi/lib/thumb/v7e-m+fp/hard\libc_nano.a(lib_a-init.o)
                              c:/st/stm32cubeide_1.6.0/stm32cubeide/plugins/com.st.stm32cube.ide.mcu.externaltools.gnu-tools-for-stm32.9-2020-q2-update.win32_1.5.0.202011040924/tools/bin/../lib/gcc/arm-none-eabi/9.3.1/../../../../arm-none-eabi/lib/thumb/v7e-m+fp/hard/crt0.o (__libc_init_array)
c:/st/stm32cubeide_1.6.0/stm32cubeide/plugins/com.st.stm32cube.ide.mcu.externaltools.gnu-tools-for-stm32.9-2020-q2-update.win32_1.5.0.202011040924/tools/bin/../lib/gcc/arm-none-eabi/9.3.1/../../../../arm-none-eabi/lib/thumb/v7e-m+fp/hard\libc_nano.a(lib_a-malloc.o)
                              ../Middlewares/ST/AI/Lib\NetworkRuntime520_CM4_GCC.a(core_mem_manager.o) (malloc)
c:/st/stm32cubeide_1.6.0/stm32cubeide/plugins/com.st.stm32cube.ide.mcu.externaltools.gnu-tools-for-stm32.9-2020-q2-update.win32_1.5.0.202011040924/tools/bin/../lib/gcc/arm-none-eabi/9.3.1/../../../../arm-none-eabi/lib/thumb/v7e-m+fp/hard\libc_nano.a(lib_a-memcpy-stub.o)
                              X-CUBE-AI/App/sine_model.o (memcpy)
c:/st/stm32cubeide_1.6.0/stm32cubeide/plugins/com.st.stm32cube.ide.mcu.externaltools.gnu-tools-for-stm32.9-2020-q2-update.win32_1.5.0.202011040924/tools/bin/../lib/gcc/arm-none-eabi/9.3.1/../../../../arm-none-eabi/lib/thumb/v7e-m+fp/hard\libc_nano.a(lib_a-memset.o)
[...]
Memory Configuration

Name             Origin             Length             Attributes
RAM              0x0000000020000000 0x00000000000a0000 xrw
FLASH            0x0000000008000000 0x0000000000200000 xr
*default*        0x0000000000000000 0xffffffffffffffff

Linker script and memory map

LOAD c:/st/stm32cubeide_1.6.0/stm32cubeide/plugins/com.st.stm32cube.ide.mcu.externaltools.gnu-tools-for-stm32.9-2020-q2-update.win32_1.5.0.202011040924/tools/bin/../lib/gcc/arm-none-eabi/9.3.1/thumb/v7e-m+fp/hard/crti.o
LOAD c:/st/stm32cubeide_1.6.0/stm32cubeide/plugins/com.st.stm32cube.ide.mcu.externaltools.gnu-tools-for-stm32.9-2020-q2-update.win32_1.5.0.202011040924/tools/bin/../lib/gcc/arm-none-eabi/9.3.1/thumb/v7e-m+fp/hard/crtbegin.o
LOAD c:/st/stm32cubeide_1.6.0/stm32cubeide/plugins/com.st.stm32cube.ide.mcu.externaltools.gnu-tools-for-stm32.9-2020-q2-update.win32_1.5.0.202011040924/tools/bin/../lib/gcc/arm-none-eabi/9.3.1/../../../../arm-none-eabi/lib/thumb/v7e-m+fp/hard/crt0.o
LOAD Core/Src/main.o
LOAD Core/Src/stm32l4xx_hal_msp.o
LOAD Core/Src/stm32l4xx_it.o
LOAD Core/Src/syscalls.o
LOAD Core/Src/sysmem.o
LOAD Core/Src/system_stm32l4xx.o
LOAD Core/Startup/startup_stm32l4r5zitx.o
LOAD Drivers/STM32L4xx_HAL_Driver/Src/stm32l4xx_hal.o
LOAD Drivers/STM32L4xx_HAL_Driver/Src/stm32l4xx_hal_cortex.o
LOAD Drivers/STM32L4xx_HAL_Driver/Src/stm32l4xx_hal_crc.o
LOAD Drivers/STM32L4xx_HAL_Driver/Src/stm32l4xx_hal_crc_ex.o
LOAD Drivers/STM32L4xx_HAL_Driver/Src/stm32l4xx_hal_dma.o
LOAD Drivers/STM32L4xx_HAL_Driver/Src/stm32l4xx_hal_dma_ex.o
LOAD Drivers/STM32L4xx_HAL_Driver/Src/stm32l4xx_hal_exti.o
LOAD Drivers/STM32L4xx_HAL_Driver/Src/stm32l4xx_hal_flash.o
LOAD Drivers/STM32L4xx_HAL_Driver/Src/stm32l4xx_hal_flash_ex.o
LOAD Drivers/STM32L4xx_HAL_Driver/Src/stm32l4xx_hal_flash_ramfunc.o
LOAD Drivers/STM32L4xx_HAL_Driver/Src/stm32l4xx_hal_gpio.o
LOAD Drivers/STM32L4xx_HAL_Driver/Src/stm32l4xx_hal_i2c.o
LOAD Drivers/STM32L4xx_HAL_Driver/Src/stm32l4xx_hal_i2c_ex.o
LOAD Drivers/STM32L4xx_HAL_Driver/Src/stm32l4xx_hal_pwr.o
LOAD Drivers/STM32L4xx_HAL_Driver/Src/stm32l4xx_hal_pwr_ex.o
LOAD Drivers/STM32L4xx_HAL_Driver/Src/stm32l4xx_hal_rcc.o
LOAD Drivers/STM32L4xx_HAL_Driver/Src/stm32l4xx_hal_rcc_ex.o
LOAD Drivers/STM32L4xx_HAL_Driver/Src/stm32l4xx_hal_tim.o
LOAD Drivers/STM32L4xx_HAL_Driver/Src/stm32l4xx_hal_tim_ex.o
LOAD Drivers/STM32L4xx_HAL_Driver/Src/stm32l4xx_hal_uart.o
LOAD Drivers/STM32L4xx_HAL_Driver/Src/stm32l4xx_hal_uart_ex.o
LOAD X-CUBE-AI/App/sine_model.o
LOAD X-CUBE-AI/App/sine_model_data.o
LOAD ../Middlewares/ST/AI/Lib\NetworkRuntime520_CM4_GCC.a
START GROUP
LOAD ../Middlewares/ST/AI/Lib\NetworkRuntime520_CM4_GCC.a
END GROUP
START GROUP
LOAD c:/st/stm32cubeide_1.6.0/stm32cubeide/plugins/com.st.stm32cube.ide.mcu.externaltools.gnu-tools-for-stm32.9-2020-q2-update.win32_1.5.0.202011040924/tools/bin/../lib/gcc/arm-none-eabi/9.3.1/../../../../arm-none-eabi/lib/thumb/v7e-m+fp/hard\libc_nano.a
LOAD c:/st/stm32cubeide_1.6.0/stm32cubeide/plugins/com.st.stm32cube.ide.mcu.externaltools.gnu-tools-for-stm32.9-2020-q2-update.win32_1.5.0.202011040924/tools/bin/../lib/gcc/arm-none-eabi/9.3.1/../../../../arm-none-eabi/lib/thumb/v7e-m+fp/hard\libm.a
END GROUP
START GROUP
LOAD c:/st/stm32cubeide_1.6.0/stm32cubeide/plugins/com.st.stm32cube.ide.mcu.externaltools.gnu-tools-for-stm32.9-2020-q2-update.win32_1.5.0.202011040924/tools/bin/../lib/gcc/arm-none-eabi/9.3.1/thumb/v7e-m+fp/hard\libgcc.a
LOAD c:/st/stm32cubeide_1.6.0/stm32cubeide/plugins/com.st.stm32cube.ide.mcu.externaltools.gnu-tools-for-stm32.9-2020-q2-update.win32_1.5.0.202011040924/tools/bin/../lib/gcc/arm-none-eabi/9.3.1/../../../../arm-none-eabi/lib/thumb/v7e-m+fp/hard\libc_nano.a
END GROUP
START GROUP
LOAD c:/st/stm32cubeide_1.6.0/stm32cubeide/plugins/com.st.stm32cube.ide.mcu.externaltools.gnu-tools-for-stm32.9-2020-q2-update.win32_1.5.0.202011040924/tools/bin/../lib/gcc/arm-none-eabi/9.3.1/thumb/v7e-m+fp/hard\libgcc.a
LOAD c:/st/stm32cubeide_1.6.0/stm32cubeide/plugins/com.st.stm32cube.ide.mcu.externaltools.gnu-tools-for-stm32.9-2020-q2-update.win32_1.5.0.202011040924/tools/bin/../lib/gcc/arm-none-eabi/9.3.1/../../../../arm-none-eabi/lib/thumb/v7e-m+fp/hard\libc_nano.a
LOAD c:/st/stm32cubeide_1.6.0/stm32cubeide/plugins/com.st.stm32cube.ide.mcu.externaltools.gnu-tools-for-stm32.9-2020-q2-update.win32_1.5.0.202011040924/tools/bin/../lib/gcc/arm-none-eabi/9.3.1/../../../../arm-none-eabi/lib/thumb/v7e-m+fp/hard\libnosys.a
END GROUP
START GROUP
LOAD c:/st/stm32cubeide_1.6.0/stm32cubeide/plugins/com.st.stm32cube.ide.mcu.externaltools.gnu-tools-for-stm32.9-2020-q2-update.win32_1.5.0.202011040924/tools/bin/../lib/gcc/arm-none-eabi/9.3.1/thumb/v7e-m+fp/hard\libgcc.a
LOAD c:/st/stm32cubeide_1.6.0/stm32cubeide/plugins/com.st.stm32cube.ide.mcu.externaltools.gnu-tools-for-stm32.9-2020-q2-update.win32_1.5.0.202011040924/tools/bin/../lib/gcc/arm-none-eabi/9.3.1/../../../../arm-none-eabi/lib/thumb/v7e-m+fp/hard\libc_nano.a
LOAD c:/st/stm32cubeide_1.6.0/stm32cubeide/plugins/com.st.stm32cube.ide.mcu.externaltools.gnu-tools-for-stm32.9-2020-q2-update.win32_1.5.0.202011040924/tools/bin/../lib/gcc/arm-none-eabi/9.3.1/../../../../arm-none-eabi/lib/thumb/v7e-m+fp/hard\libnosys.a
END GROUP
LOAD c:/st/stm32cubeide_1.6.0/stm32cubeide/plugins/com.st.stm32cube.ide.mcu.externaltools.gnu-tools-for-stm32.9-2020-q2-update.win32_1.5.0.202011040924/tools/bin/../lib/gcc/arm-none-eabi/9.3.1/thumb/v7e-m+fp/hard/crtend.o
LOAD c:/st/stm32cubeide_1.6.0/stm32cubeide/plugins/com.st.stm32cube.ide.mcu.externaltools.gnu-tools-for-stm32.9-2020-q2-update.win32_1.5.0.202011040924/tools/bin/../lib/gcc/arm-none-eabi/9.3.1/thumb/v7e-m+fp/hard/crtn.o
                0x00000000200a0000                _estack = (ORIGIN (RAM) + LENGTH (RAM))
                0x0000000000000200                _Min_Heap_Size = 0x200
                0x0000000000000800                _Min_Stack_Size = 0x800

.isr_vector     0x0000000008000000      0x1bc
                0x0000000008000000                . = ALIGN (0x4)
 *(.isr_vector)
 .isr_vector    0x0000000008000000      0x1bc Core/Startup/startup_stm32l4r5zitx.o
                0x0000000008000000                g_pfnVectors
                0x00000000080001bc                . = ALIGN (0x4)

.text           0x00000000080001c0     0x9918
                0x00000000080001c0                . = ALIGN (0x4)
 *(.text)
 .text          0x00000000080001c0       0x40 c:/st/stm32cubeide_1.6.0/stm32cubeide/plugins/com.st.stm32cube.ide.mcu.externaltools.gnu-tools-for-stm32.9-2020-q2-update.win32_1.5.0.202011040924/tools/bin/../lib/gcc/arm-none-eabi/9.3.1/thumb/v7e-m+fp/hard/crtbegin.o
 .text          0x0000000008000200       0x10 c:/st/stm32cubeide_1.6.0/stm32cubeide/plugins/com.st.stm32cube.ide.mcu.externaltools.gnu-tools-for-stm32.9-2020-q2-update.win32_1.5.0.202011040924/tools/bin/../lib/gcc/arm-none-eabi/9.3.1/../../../../arm-none-eabi/lib/thumb/v7e-m+fp/hard\libc_nano.a(lib_a-strlen.o)
                0x0000000008000200                strlen
 .text          0x0000000008000210       0xa0 c:/st/stm32cubeide_1.6.0/stm32cubeide/plugins/com.st.stm32cube.ide.mcu.externaltools.gnu-tools-for-stm32.9-2020-q2-update.win32_1.5.0.202011040924/tools/bin/../lib/gcc/arm-none-eabi/9.3.1/../../../../arm-none-eabi/lib/thumb/v7e-m+fp/hard\libc_nano.a(lib_a-memchr.o)
                0x0000000008000210                memchr
 .text          0x00000000080002b0      0x378 c:/st/stm32cubeide_1.6.0/stm32cubeide/plugins/com.st.stm32cube.ide.mcu.externaltools.gnu-tools-for-stm32.9-2020-q2-update.win32_1.5.0.202011040924/tools/bin/../lib/gcc/arm-none-eabi/9.3.1/thumb/v7e-m+fp/hard\libgcc.a(_arm_addsubdf3.o)
                0x00000000080002b0                __aeabi_drsub
                0x00000000080002b8                __aeabi_dsub
                0x00000000080002b8                __subdf3
                0x00000000080002bc                __aeabi_dadd
                0x00000000080002bc                __adddf3
                0x0000000008000534                __floatunsidf
                0x0000000008000534                __aeabi_ui2d
                0x0000000008000554                __floatsidf
                0x0000000008000554                __aeabi_i2d
                0x0000000008000578                __aeabi_f2d
                0x0000000008000578                __extendsfdf2
                0x00000000080005bc                __floatundidf
                0x00000000080005bc                __aeabi_ul2d
                0x00000000080005cc                __floatdidf
                0x00000000080005cc                __aeabi_l2d
 .text          0x0000000008000628      0x424 c:/st/stm32cubeide_1.6.0/stm32cubeide/plugins/com.st.stm32cube.ide.mcu.externaltools.gnu-tools-for-stm32.9-2020-q2-update.win32_1.5.0.202011040924/tools/bin/../lib/gcc/arm-none-eabi/9.3.1/thumb/v7e-m+fp/hard\libgcc.a(_arm_muldivdf3.o)
                0x0000000008000628                __aeabi_dmul
                0x0000000008000628                __muldf3
                0x000000000800087c                __divdf3
                0x000000000800087c                __aeabi_ddiv
 .text          0x0000000008000a4c      0x110 c:/st/stm32cubeide_1.6.0/stm32cubeide/plugins/com.st.stm32cube.ide.mcu.externaltools.gnu-tools-for-stm32.9-2020-q2-update.win32_1.5.0.202011040924/tools/bin/../lib/gcc/arm-none-eabi/9.3.1/thumb/v7e-m+fp/hard\libgcc.a(_arm_cmpdf2.o)
                0x0000000008000a4c                __gtdf2
                0x0000000008000a4c                __gedf2
                0x0000000008000a54                __ltdf2
                0x0000000008000a54                __ledf2
                0x0000000008000a5c                __nedf2
                0x0000000008000a5c                __eqdf2
                0x0000000008000a5c                __cmpdf2
                0x0000000008000ad8                __aeabi_cdrcmple
                0x0000000008000ae8                __aeabi_cdcmpeq
                0x0000000008000ae8                __aeabi_cdcmple
                0x0000000008000af8                __aeabi_dcmpeq
                0x0000000008000b0c                __aeabi_dcmplt
                0x0000000008000b20                __aeabi_dcmple
                0x0000000008000b34                __aeabi_dcmpge
                0x0000000008000b48                __aeabi_dcmpgt
 .text          0x0000000008000b5c       0x2c c:/st/stm32cubeide_1.6.0/stm32cubeide/plugins/com.st.stm32cube.ide.mcu.externaltools.gnu-tools-for-stm32.9-2020-q2-update.win32_1.5.0.202011040924/tools/bin/../lib/gcc/arm-none-eabi/9.3.1/thumb/v7e-m+fp/hard\libgcc.a(_arm_unorddf2.o)
                0x0000000008000b5c                __unorddf2
                0x0000000008000b5c                __aeabi_dcmpun
 .text          0x0000000008000b88       0x50 c:/st/stm32cubeide_1.6.0/stm32cubeide/plugins/com.st.stm32cube.ide.mcu.externaltools.gnu-tools-for-stm32.9-2020-q2-update.win32_1.5.0.202011040924/tools/bin/../lib/gcc/arm-none-eabi/9.3.1/thumb/v7e-m+fp/hard\libgcc.a(_arm_fixdfsi.o)
                0x0000000008000b88                __aeabi_d2iz
                0x0000000008000b88                __fixdfsi
 .text          0x0000000008000bd8       0x30 c:/st/stm32cubeide_1.6.0/stm32cubeide/plugins/com.st.stm32cube.ide.mcu.externaltools.gnu-tools-for-stm32.9-2020-q2-update.win32_1.5.0.202011040924/tools/bin/../lib/gcc/arm-none-eabi/9.3.1/thumb/v7e-m+fp/hard\libgcc.a(_aeabi_uldivmod.o)
                0x0000000008000bd8                __aeabi_uldivmod
 .text          0x0000000008000c08      0x2c4 c:/st/stm32cubeide_1.6.0/stm32cubeide/plugins/com.st.stm32cube.ide.mcu.externaltools.gnu-tools-for-stm32.9-2020-q2-update.win32_1.5.0.202011040924/tools/bin/../lib/gcc/arm-none-eabi/9.3.1/thumb/v7e-m+fp/hard\libgcc.a(_udivmoddi4.o)
                0x0000000008000c08                __udivmoddi4
 .text          0x0000000008000ecc        0x4 c:/st/stm32cubeide_1.6.0/stm32cubeide/plugins/com.st.stm32cube.ide.mcu.externaltools.gnu-tools-for-stm32.9-2020-q2-update.win32_1.5.0.202011040924/tools/bin/../lib/gcc/arm-none-eabi/9.3.1/thumb/v7e-m+fp/hard\libgcc.a(_dvmd_tls.o)
                0x0000000008000ecc                __aeabi_idiv0
                0x0000000008000ecc                __aeabi_ldiv0
 *(.text*)
 .text.main     0x0000000008000ed0      0x250 Core/Src/main.o
                0x0000000008000ed0                main
 .text.SystemClock_Config
                0x0000000008001120       0xee Core/Src/main.o
                0x0000000008001120                SystemClock_Config
 *fill*         0x000000000800120e        0x2 
 .text.MX_CRC_Init
                0x0000000008001210       0x44 Core/Src/main.o
 .text.MX_TIM16_Init
                0x0000000008001254       0x4c Core/Src/main.o
 .text.MX_USART2_UART_Init
                0x00000000080012a0       0x98 Core/Src/main.o
 .text.MX_USART3_UART_Init
                0x0000000008001338       0x98 Core/Src/main.o
 .text.MX_GPIO_Init
                0x00000000080013d0      0x1ac Core/Src/main.o
 .text.Error_Handler
                0x000000000800157c        0xa Core/Src/main.o
                0x000000000800157c                Error_Handler
 *fill*         0x0000000008001586        0x2 
 .text.HAL_MspInit
                0x0000000008001588       0x48 Core/Src/stm32l4xx_hal_msp.o
                0x0000000008001588                HAL_MspInit
 .text.HAL_CRC_MspInit
                0x00000000080015d0       0x40 Core/Src/stm32l4xx_hal_msp.o
                0x00000000080015d0                HAL_CRC_MspInit
 .text.HAL_TIM_Base_MspInit
                0x0000000008001610       0x40 Core/Src/stm32l4xx_hal_msp.o
                0x0000000008001610                HAL_TIM_Base_MspInit
 .text.HAL_UART_MspInit
                0x0000000008001650       0xec Core/Src/stm32l4xx_hal_msp.o
                0x0000000008001650                HAL_UART_MspInit
 .text.NMI_Handler
                0x000000000800173c        0x6 Core/Src/stm32l4xx_it.o
                0x000000000800173c                NMI_Handler
 .text.HardFault_Handler
                0x0000000008001742        0x6 Core/Src/stm32l4xx_it.o
                0x0000000008001742                HardFault_Handler
 .text.MemManage_Handler
                0x0000000008001748        0x6 Core/Src/stm32l4xx_it.o
                0x0000000008001748                MemManage_Handler
 .text.BusFault_Handler
                0x000000000800174e        0x6 Core/Src/stm32l4xx_it.o
                0x000000000800174e                BusFault_Handler
 .text.UsageFault_Handler
                0x0000000008001754        0x6 Core/Src/stm32l4xx_it.o
                0x0000000008001754                UsageFault_Handler
 .text.SVC_Handler
                0x000000000800175a        0xe Core/Src/stm32l4xx_it.o
                0x000000000800175a                SVC_Handler
 .text.DebugMon_Handler
                0x0000000008001768        0xe Core/Src/stm32l4xx_it.o
                0x0000000008001768                DebugMon_Handler
 .text.PendSV_Handler
                0x0000000008001776        0xe Core/Src/stm32l4xx_it.o
                0x0000000008001776                PendSV_Handler
 .text.SysTick_Handler
                0x0000000008001784        0xc Core/Src/stm32l4xx_it.o
                0x0000000008001784                SysTick_Handler
 .text._getpid  0x0000000008001790       0x10 Core/Src/syscalls.o
                0x0000000008001790                _getpid
 .text._kill    0x00000000080017a0       0x20 Core/Src/syscalls.o
                0x00000000080017a0                _kill
 .text._exit    0x00000000080017c0       0x14 Core/Src/syscalls.o
                0x00000000080017c0                _exit
 .text._read    0x00000000080017d4       0x3a Core/Src/syscalls.o
                0x00000000080017d4                _read
 .text._write   0x000000000800180e       0x38 Core/Src/syscalls.o
                0x000000000800180e                _write
 .text._close   0x0000000008001846       0x18 Core/Src/syscalls.o
                0x0000000008001846                _close
 .text._fstat   0x000000000800185e       0x20 Core/Src/syscalls.o
                0x000000000800185e                _fstat
 .text._isatty  0x000000000800187e       0x16 Core/Src/syscalls.o
                0x000000000800187e                _isatty
 .text._lseek   0x0000000008001894       0x1a Core/Src/syscalls.o
                0x0000000008001894                _lseek
 *fill*         0x00000000080018ae        0x2 
 .text._sbrk    0x00000000080018b0       0x6c Core/Src/sysmem.o
                0x00000000080018b0                _sbrk
 .text.SystemInit
                0x000000000800191c       0x64 Core/Src/system_stm32l4xx.o
                0x000000000800191c                SystemInit
 .text.Reset_Handler
                0x0000000008001980       0x50 Core/Startup/startup_stm32l4r5zitx.o
                0x0000000008001980                Reset_Handler
 .text.Default_Handler
                0x00000000080019d0        0x2 Core/Startup/startup_stm32l4r5zitx.o
                0x00000000080019d0                RTC_Alarm_IRQHandler
                0x00000000080019d0                EXTI2_IRQHandler
                0x00000000080019d0                TIM8_TRG_COM_IRQHandler
                0x00000000080019d0                TIM8_CC_IRQHandler
                0x00000000080019d0                TIM1_CC_IRQHandler
                0x00000000080019d0                TSC_IRQHandler
                0x00000000080019d0                TAMP_STAMP_IRQHandler
                0x00000000080019d0                EXTI3_IRQHandler
                0x00000000080019d0                LPTIM2_IRQHandler
                0x00000000080019d0                DFSDM1_FLT1_IRQHandler
                0x00000000080019d0                GFXMMU_IRQHandler
                0x00000000080019d0                I2C3_ER_IRQHandler
                0x00000000080019d0                DFSDM1_FLT2_IRQHandler
                0x00000000080019d0                EXTI0_IRQHandler
                0x00000000080019d0                I2C2_EV_IRQHandler
                0x00000000080019d0                CAN1_RX0_IRQHandler
                0x00000000080019d0                FPU_IRQHandler
                0x00000000080019d0                TIM1_UP_TIM16_IRQHandler
                0x00000000080019d0                LTDC_ER_IRQHandler
                0x00000000080019d0                SPI1_IRQHandler
                0x00000000080019d0                OCTOSPI1_IRQHandler
                0x00000000080019d0                TIM6_DAC_IRQHandler
                0x00000000080019d0                DCMI_IRQHandler
                0x00000000080019d0                TIM8_UP_IRQHandler
                0x00000000080019d0                OCTOSPI2_IRQHandler
                0x00000000080019d0                DMA2_Channel2_IRQHandler
                0x00000000080019d0                DMA1_Channel4_IRQHandler
                0x00000000080019d0                SAI2_IRQHandler
                0x00000000080019d0                ADC1_IRQHandler
                0x00000000080019d0                DFSDM1_FLT3_IRQHandler
                0x00000000080019d0                USART3_IRQHandler
                0x00000000080019d0                DMA1_Channel7_IRQHandler
                0x00000000080019d0                CAN1_RX1_IRQHandler
                0x00000000080019d0                UART5_IRQHandler
                0x00000000080019d0                TIM4_IRQHandler
                0x00000000080019d0                DMA2_Channel1_IRQHandler
                0x00000000080019d0                I2C1_EV_IRQHandler
                0x00000000080019d0                DMAMUX1_OVR_IRQHandler
                0x00000000080019d0                DMA1_Channel6_IRQHandler
                0x00000000080019d0                UART4_IRQHandler
                0x00000000080019d0                DMA2_Channel4_IRQHandler
                0x00000000080019d0                TIM3_IRQHandler
                0x00000000080019d0                RCC_IRQHandler
                0x00000000080019d0                DMA1_Channel1_IRQHandler
                0x00000000080019d0                Default_Handler
                0x00000000080019d0                DMA2_Channel7_IRQHandler
                0x00000000080019d0                EXTI15_10_IRQHandler
                0x00000000080019d0                TIM7_IRQHandler
                0x00000000080019d0                SDMMC1_IRQHandler
                0x00000000080019d0                TIM5_IRQHandler
                0x00000000080019d0                I2C3_EV_IRQHandler
                0x00000000080019d0                EXTI9_5_IRQHandler
                0x00000000080019d0                RTC_WKUP_IRQHandler
                0x00000000080019d0                LTDC_IRQHandler
                0x00000000080019d0                PVD_PVM_IRQHandler
                0x00000000080019d0                SPI2_IRQHandler
                0x00000000080019d0                CAN1_TX_IRQHandler
                0x00000000080019d0                DMA2_Channel5_IRQHandler
                0x00000000080019d0                CRS_IRQHandler
                0x00000000080019d0                DMA1_Channel5_IRQHandler
                0x00000000080019d0                EXTI4_IRQHandler
                0x00000000080019d0                RNG_IRQHandler
                0x00000000080019d0                TIM1_TRG_COM_TIM17_IRQHandler
                0x00000000080019d0                DMA1_Channel3_IRQHandler
                0x00000000080019d0                COMP_IRQHandler
                0x00000000080019d0                WWDG_IRQHandler
                0x00000000080019d0                I2C4_EV_IRQHandler
                0x00000000080019d0                LPUART1_IRQHandler
                0x00000000080019d0                DMA2_Channel6_IRQHandler
                0x00000000080019d0                TIM2_IRQHandler
                0x00000000080019d0                DMA2D_IRQHandler
                0x00000000080019d0                EXTI1_IRQHandler
                0x00000000080019d0                USART2_IRQHandler
                0x00000000080019d0                DFSDM1_FLT0_IRQHandler
                0x00000000080019d0                I2C2_ER_IRQHandler
                0x00000000080019d0                DMA1_Channel2_IRQHandler
                0x00000000080019d0                TIM8_BRK_IRQHandler
                0x00000000080019d0                CAN1_SCE_IRQHandler
                0x00000000080019d0                FLASH_IRQHandler
                0x00000000080019d0                USART1_IRQHandler
                0x00000000080019d0                OTG_FS_IRQHandler
                0x00000000080019d0                SPI3_IRQHandler
                0x00000000080019d0                I2C1_ER_IRQHandler
                0x00000000080019d0                FMC_IRQHandler
                0x00000000080019d0                LPTIM1_IRQHandler
                0x00000000080019d0                I2C4_ER_IRQHandler
                0x00000000080019d0                SAI1_IRQHandler
                0x00000000080019d0                DMA2_Channel3_IRQHandler
                0x00000000080019d0                TIM1_BRK_TIM15_IRQHandler
 .text.HAL_Init
                0x00000000080019d2       0x30 Drivers/STM32L4xx_HAL_Driver/Src/stm32l4xx_hal.o
                0x00000000080019d2                HAL_Init
 *fill*         0x0000000008001a02        0x2 
 .text.HAL_InitTick
                0x0000000008001a04       0x78 Drivers/STM32L4xx_HAL_Driver/Src/stm32l4xx_hal.o
                0x0000000008001a04                HAL_InitTick
 .text.HAL_IncTick
                0x0000000008001a7c       0x28 Drivers/STM32L4xx_HAL_Driver/Src/stm32l4xx_hal.o
                0x0000000008001a7c                HAL_IncTick
 .text.HAL_GetTick
                0x0000000008001aa4       0x18 Drivers/STM32L4xx_HAL_Driver/Src/stm32l4xx_hal.o
                0x0000000008001aa4                HAL_GetTick
 .text.HAL_Delay
                0x0000000008001abc       0x48 Drivers/STM32L4xx_HAL_Driver/Src/stm32l4xx_hal.o
                0x0000000008001abc                HAL_Delay
 .text.__NVIC_SetPriorityGrouping
                0x0000000008001b04       0x48 Drivers/STM32L4xx_HAL_Driver/Src/stm32l4xx_hal_cortex.o
 .text.__NVIC_GetPriorityGrouping
                0x0000000008001b4c       0x1c Drivers/STM32L4xx_HAL_Driver/Src/stm32l4xx_hal_cortex.o
 .text.__NVIC_SetPriority
                0x0000000008001b68       0x54 Drivers/STM32L4xx_HAL_Driver/Src/stm32l4xx_hal_cortex.o
 .text.NVIC_EncodePriority
                0x0000000008001bbc       0x66 Drivers/STM32L4xx_HAL_Driver/Src/stm32l4xx_hal_cortex.o
 *fill*         0x0000000008001c22        0x2 
 .text.SysTick_Config
                0x0000000008001c24       0x44 Drivers/STM32L4xx_HAL_Driver/Src/stm32l4xx_hal_cortex.o
 .text.HAL_NVIC_SetPriorityGrouping
                0x0000000008001c68       0x16 Drivers/STM32L4xx_HAL_Driver/Src/stm32l4xx_hal_cortex.o
                0x0000000008001c68                HAL_NVIC_SetPriorityGrouping
 .text.HAL_NVIC_SetPriority
                0x0000000008001c7e       0x38 Drivers/STM32L4xx_HAL_Driver/Src/stm32l4xx_hal_cortex.o
                0x0000000008001c7e                HAL_NVIC_SetPriority
 .text.HAL_SYSTICK_Config
                0x0000000008001cb6       0x18 Drivers/STM32L4xx_HAL_Driver/Src/stm32l4xx_hal_cortex.o
                0x0000000008001cb6                HAL_SYSTICK_Config
 *fill*         0x0000000008001cce        0x2 
 .text.HAL_CRC_Init
                0x0000000008001cd0       0xc8 Drivers/STM32L4xx_HAL_Driver/Src/stm32l4xx_hal_crc.o
                0x0000000008001cd0                HAL_CRC_Init
 .text.HAL_CRCEx_Polynomial_Set
                0x0000000008001d98      0x10c Drivers/STM32L4xx_HAL_Driver/Src/stm32l4xx_hal_crc_ex.o
                0x0000000008001d98                HAL_CRCEx_Polynomial_Set
 .text.HAL_GPIO_Init
                0x0000000008001ea4      0x324 Drivers/STM32L4xx_HAL_Driver/Src/stm32l4xx_hal_gpio.o
                0x0000000008001ea4                HAL_GPIO_Init
 .text.HAL_GPIO_WritePin
                0x00000000080021c8       0x30 Drivers/STM32L4xx_HAL_Driver/Src/stm32l4xx_hal_gpio.o
                0x00000000080021c8                HAL_GPIO_WritePin
 .text.HAL_GPIO_TogglePin
                0x00000000080021f8       0x34 Drivers/STM32L4xx_HAL_Driver/Src/stm32l4xx_hal_gpio.o
                0x00000000080021f8                HAL_GPIO_TogglePin
 .text.HAL_PWREx_GetVoltageRange
                0x000000000800222c       0x40 Drivers/STM32L4xx_HAL_Driver/Src/stm32l4xx_hal_pwr_ex.o
                0x000000000800222c                HAL_PWREx_GetVoltageRange
 .text.HAL_PWREx_ControlVoltageScaling
                0x000000000800226c      0x148 Drivers/STM32L4xx_HAL_Driver/Src/stm32l4xx_hal_pwr_ex.o
                0x000000000800226c                HAL_PWREx_ControlVoltageScaling
 .text.HAL_PWREx_EnableVddIO2
                0x00000000080023b4       0x20 Drivers/STM32L4xx_HAL_Driver/Src/stm32l4xx_hal_pwr_ex.o
                0x00000000080023b4                HAL_PWREx_EnableVddIO2
 .text.HAL_RCC_OscConfig
                0x00000000080023d4      0x84c Drivers/STM32L4xx_HAL_Driver/Src/stm32l4xx_hal_rcc.o
                0x00000000080023d4                HAL_RCC_OscConfig
 .text.HAL_RCC_ClockConfig
                0x0000000008002c20      0x258 Drivers/STM32L4xx_HAL_Driver/Src/stm32l4xx_hal_rcc.o
                0x0000000008002c20                HAL_RCC_ClockConfig
 .text.HAL_RCC_GetSysClockFreq
                0x0000000008002e78      0x118 Drivers/STM32L4xx_HAL_Driver/Src/stm32l4xx_hal_rcc.o
                0x0000000008002e78                HAL_RCC_GetSysClockFreq
 .text.HAL_RCC_GetHCLKFreq
                0x0000000008002f90       0x18 Drivers/STM32L4xx_HAL_Driver/Src/stm32l4xx_hal_rcc.o
                0x0000000008002f90                HAL_RCC_GetHCLKFreq
 .text.HAL_RCC_GetPCLK1Freq
                0x0000000008002fa8       0x2c Drivers/STM32L4xx_HAL_Driver/Src/stm32l4xx_hal_rcc.o
                0x0000000008002fa8                HAL_RCC_GetPCLK1Freq
 .text.HAL_RCC_GetPCLK2Freq
                0x0000000008002fd4       0x2c Drivers/STM32L4xx_HAL_Driver/Src/stm32l4xx_hal_rcc.o
                0x0000000008002fd4                HAL_RCC_GetPCLK2Freq
 .text.RCC_SetFlashLatencyFromMSIRange
                0x0000000008003000       0xb4 Drivers/STM32L4xx_HAL_Driver/Src/stm32l4xx_hal_rcc.o
 .text.RCC_GetSysClockFreqFromPLLSource
                0x00000000080030b4       0xd0 Drivers/STM32L4xx_HAL_Driver/Src/stm32l4xx_hal_rcc.o
 .text.HAL_RCCEx_PeriphCLKConfig
                0x0000000008003184      0x660 Drivers/STM32L4xx_HAL_Driver/Src/stm32l4xx_hal_rcc_ex.o
                0x0000000008003184                HAL_RCCEx_PeriphCLKConfig
 .text.RCCEx_PLLSAI1_Config
                0x00000000080037e4      0x1e8 Drivers/STM32L4xx_HAL_Driver/Src/stm32l4xx_hal_rcc_ex.o
 .text.RCCEx_PLLSAI2_Config
                0x00000000080039cc      0x1e8 Drivers/STM32L4xx_HAL_Driver/Src/stm32l4xx_hal_rcc_ex.o
 .text.HAL_TIM_Base_Init
                0x0000000008003bb4       0xae Drivers/STM32L4xx_HAL_Driver/Src/stm32l4xx_hal_tim.o
                0x0000000008003bb4                HAL_TIM_Base_Init
 *fill*         0x0000000008003c62        0x2 
 .text.HAL_TIM_Base_Start
                0x0000000008003c64       0xd0 Drivers/STM32L4xx_HAL_Driver/Src/stm32l4xx_hal_tim.o
                0x0000000008003c64                HAL_TIM_Base_Start
 .text.TIM_Base_SetConfig
                0x0000000008003d34      0x134 Drivers/STM32L4xx_HAL_Driver/Src/stm32l4xx_hal_tim.o
                0x0000000008003d34                TIM_Base_SetConfig
 .text.HAL_UART_Init
                0x0000000008003e68       0xa0 Drivers/STM32L4xx_HAL_Driver/Src/stm32l4xx_hal_uart.o
                0x0000000008003e68                HAL_UART_Init
 .text.HAL_UART_Transmit
                0x0000000008003f08      0x12e Drivers/STM32L4xx_HAL_Driver/Src/stm32l4xx_hal_uart.o
                0x0000000008003f08                HAL_UART_Transmit
 *fill*         0x0000000008004036        0x2 
 .text.UART_SetConfig
                0x0000000008004038      0x594 Drivers/STM32L4xx_HAL_Driver/Src/stm32l4xx_hal_uart.o
                0x0000000008004038                UART_SetConfig
 .text.UART_AdvFeatureConfig
                0x00000000080045cc      0x144 Drivers/STM32L4xx_HAL_Driver/Src/stm32l4xx_hal_uart.o
                0x00000000080045cc                UART_AdvFeatureConfig
 .text.UART_CheckIdleState
                0x0000000008004710       0x96 Drivers/STM32L4xx_HAL_Driver/Src/stm32l4xx_hal_uart.o
                0x0000000008004710                UART_CheckIdleState
 .text.UART_WaitOnFlagUntilTimeout
                0x00000000080047a6      0x100 Drivers/STM32L4xx_HAL_Driver/Src/stm32l4xx_hal_uart.o
                0x00000000080047a6                UART_WaitOnFlagUntilTimeout
 .text.HAL_UARTEx_DisableFifoMode
                0x00000000080048a6       0x72 Drivers/STM32L4xx_HAL_Driver/Src/stm32l4xx_hal_uart_ex.o
                0x00000000080048a6                HAL_UARTEx_DisableFifoMode
 .text.HAL_UARTEx_SetTxFifoThreshold
                0x0000000008004918       0x7c Drivers/STM32L4xx_HAL_Driver/Src/stm32l4xx_hal_uart_ex.o
                0x0000000008004918                HAL_UARTEx_SetTxFifoThreshold
 .text.HAL_UARTEx_SetRxFifoThreshold
                0x0000000008004994       0x7c Drivers/STM32L4xx_HAL_Driver/Src/stm32l4xx_hal_uart_ex.o
                0x0000000008004994                HAL_UARTEx_SetRxFifoThreshold
 .text.UARTEx_SetNbDataToProcess
                0x0000000008004a10       0x9c Drivers/STM32L4xx_HAL_Driver/Src/stm32l4xx_hal_uart_ex.o
 .text.sine_model_configure_activations
                0x0000000008004aac       0x94 X-CUBE-AI/App/sine_model.o
 .text.sine_model_configure_weights
                0x0000000008004b40      0x160 X-CUBE-AI/App/sine_model.o
 .text.ai_sine_model_create
                0x0000000008004ca0       0x2c X-CUBE-AI/App/sine_model.o
                0x0000000008004ca0                ai_sine_model_create
 .text.ai_sine_model_init
                0x0000000008004ccc       0x7e X-CUBE-AI/App/sine_model.o
                0x0000000008004ccc                ai_sine_model_init
 .text.ai_sine_model_run
                0x0000000008004d4a       0x20 X-CUBE-AI/App/sine_model.o
                0x0000000008004d4a                ai_sine_model_run
 *fill*         0x0000000008004d6a        0x2 
 .text.ai_sine_model_data_weights_get
                0x0000000008004d6c       0x14 X-CUBE-AI/App/sine_model_data.o
                0x0000000008004d6c                ai_sine_model_data_weights_get
 .text.unlikely._platform_network_state_setup.isra.1
                0x0000000008004d80       0x3e ../Middlewares/ST/AI/Lib\NetworkRuntime520_CM4_GCC.a(ai_platform_interface.o)
 *fill*         0x0000000008004dbe        0x2 
 .text.ai_platform_network_create
                0x0000000008004dc0       0xb0 ../Middlewares/ST/AI/Lib\NetworkRuntime520_CM4_GCC.a(ai_platform_interface.o)
                0x0000000008004dc0                ai_platform_network_create
 .text.ai_platform_network_init
                0x0000000008004e70       0xfc ../Middlewares/ST/AI/Lib\NetworkRuntime520_CM4_GCC.a(ai_platform_interface.o)
                0x0000000008004e70                ai_platform_network_init
 .text.ai_platform_network_post_init
                0x0000000008004f6c       0x90 ../Middlewares/ST/AI/Lib\NetworkRuntime520_CM4_GCC.a(ai_platform_interface.o)
                0x0000000008004f6c                ai_platform_network_post_init
 .text.ai_platform_network_process
                0x0000000008004ffc      0x414 ../Middlewares/ST/AI/Lib\NetworkRuntime520_CM4_GCC.a(ai_platform_interface.o)
                0x0000000008004ffc                ai_platform_network_process
 .text.core_init
                0x0000000008005410        0x4 ../Middlewares/ST/AI/Lib\NetworkRuntime520_CM4_GCC.a(core_common.o)
                0x0000000008005410                core_init
 .text.core_set_error
                0x0000000008005414       0x18 ../Middlewares/ST/AI/Lib\NetworkRuntime520_CM4_GCC.a(core_common.o)
                0x0000000008005414                core_set_error
 .text.ai_dict8_dot_array_f32
                0x000000000800542c      0x19c ../Middlewares/ST/AI/Lib\NetworkRuntime520_CM4_GCC.a(layers_conv2d_generic_float.o)
                0x000000000800542c                ai_dict8_dot_array_f32
 .text.ai_dict4_dot_array_f32
                0x00000000080055c8      0x17c ../Middlewares/ST/AI/Lib\NetworkRuntime520_CM4_GCC.a(layers_conv2d_generic_float.o)
                0x00000000080055c8                ai_dict4_dot_array_f32
 .text.forward_dense
                0x0000000008005744      0x450 ../Middlewares/ST/AI/Lib\NetworkRuntime520_CM4_GCC.a(layers_conv2d_generic_float.o)
                0x0000000008005744                forward_dense
 .text.array_f32_identity
                0x0000000008005b94       0x10 ../Middlewares/ST/AI/Lib\NetworkRuntime520_CM4_GCC.a(layers_rnn_generic_float.o)
 .text.lstm_cell
                0x0000000008005ba4      0x864 ../Middlewares/ST/AI/Lib\NetworkRuntime520_CM4_GCC.a(layers_rnn_generic_float.o)
                0x0000000008005ba4                lstm_cell
 .text.forward_lstm
                0x0000000008006408      0x294 ../Middlewares/ST/AI/Lib\NetworkRuntime520_CM4_GCC.a(layers_rnn_generic_float.o)
                0x0000000008006408                forward_lstm
 .text.nl_func_sigmoid_array_f32
                0x000000000800669c       0x50 ../Middlewares/ST/AI/Lib\NetworkRuntime520_CM4_GCC.a(layers_nl_generic_float.o)
                0x000000000800669c                nl_func_sigmoid_array_f32
 .text.nl_func_relu_array_f32
                0x00000000080066ec       0x4c ../Middlewares/ST/AI/Lib\NetworkRuntime520_CM4_GCC.a(layers_nl_generic_float.o)
                0x00000000080066ec                nl_func_relu_array_f32
 .text.nl_func_relu_generic_array_f32
                0x0000000008006738       0xf8 ../Middlewares/ST/AI/Lib\NetworkRuntime520_CM4_GCC.a(layers_nl_generic_float.o)
                0x0000000008006738                nl_func_relu_generic_array_f32
 .text.forward_relu
                0x0000000008006830      0x120 ../Middlewares/ST/AI/Lib\NetworkRuntime520_CM4_GCC.a(layers_nl_generic_float.o)
                0x0000000008006830                forward_relu
 .text.ai_check_custom_types
                0x0000000008006950       0x54 ../Middlewares/ST/AI/Lib\NetworkRuntime520_CM4_GCC.a(layers.o)
                0x0000000008006950                ai_check_custom_types
 .text.ai_layers_forward_all
                0x00000000080069a4       0x74 ../Middlewares/ST/AI/Lib\NetworkRuntime520_CM4_GCC.a(layers.o)
                0x00000000080069a4                ai_layers_forward_all
 .text.ai_array_to_buffer_fmt
                0x0000000008006a18       0x98 ../Middlewares/ST/AI/Lib\NetworkRuntime520_CM4_GCC.a(ai_datatypes_format.o)
                0x0000000008006a18                ai_array_to_buffer_fmt
 .text.ai_array_get_byte_size
                0x0000000008006ab0       0x44 ../Middlewares/ST/AI/Lib\NetworkRuntime520_CM4_GCC.a(ai_datatypes_format.o)
                0x0000000008006ab0                ai_array_get_byte_size
 .text.__errno  0x0000000008006af4        0xc c:/st/stm32cubeide_1.6.0/stm32cubeide/plugins/com.st.stm32cube.ide.mcu.externaltools.gnu-tools-for-stm32.9-2020-q2-update.win32_1.5.0.202011040924/tools/bin/../lib/gcc/arm-none-eabi/9.3.1/../../../../arm-none-eabi/lib/thumb/v7e-m+fp/hard\libc_nano.a(lib_a-errno.o)
                0x0000000008006af4                __errno
 .text.__libc_init_array
                0x0000000008006b00       0x48 c:/st/stm32cubeide_1.6.0/stm32cubeide/plugins/com.st.stm32cube.ide.mcu.externaltools.gnu-tools-for-stm32.9-2020-q2-update.win32_1.5.0.202011040924/tools/bin/../lib/gcc/arm-none-eabi/9.3.1/../../../../arm-none-eabi/lib/thumb/v7e-m+fp/hard\libc_nano.a(lib_a-init.o)
                0x0000000008006b00                __libc_init_array
 .text.malloc   0x0000000008006b48       0x10 c:/st/stm32cubeide_1.6.0/stm32cubeide/plugins/com.st.stm32cube.ide.mcu.externaltools.gnu-tools-for-stm32.9-2020-q2-update.win32_1.5.0.202011040924/tools/bin/../lib/gcc/arm-none-eabi/9.3.1/../../../../arm-none-eabi/lib/thumb/v7e-m+fp/hard\libc_nano.a(lib_a-malloc.o)
                0x0000000008006b48                malloc
 .text.memcpy   0x0000000008006b58       0x1c c:/st/stm32cubeide_1.6.0/stm32cubeide/plugins/com.st.stm32cube.ide.mcu.externaltools.gnu-tools-for-stm32.9-2020-q2-update.win32_1.5.0.202011040924/tools/bin/../lib/gcc/arm-none-eabi/9.3.1/../../../../arm-none-eabi/lib/thumb/v7e-m+fp/hard\libc_nano.a(lib_a-memcpy-stub.o)
                0x0000000008006b58                memcpy
 .text.memset   0x0000000008006b74       0x10 c:/st/stm32cubeide_1.6.0/stm32cubeide/plugins/com.st.stm32cube.ide.mcu.externaltools.gnu-tools-for-stm32.9-2020-q2-update.win32_1.5.0.202011040924/tools/bin/../lib/gcc/arm-none-eabi/9.3.1/../../../../arm-none-eabi/lib/thumb/v7e-m+fp/hard\libc_nano.a(lib_a-memset.o)
                0x0000000008006b74                memset
 .text._free_r  0x0000000008006b84       0xa0 c:/st/stm32cubeide_1.6.0/stm32cubeide/plugins/com.st.stm32cube.ide.mcu.externaltools.gnu-tools-for-stm32.9-2020-q2-update.win32_1.5.0.202011040924/tools/bin/../lib/gcc/arm-none-eabi/9.3.1/../../../../arm-none-eabi/lib/thumb/v7e-m+fp/hard\libc_nano.a(lib_a-nano-freer.o)
                0x0000000008006b84                _free_r
 .text._malloc_r
                0x0000000008006c24       0xb4 c:/st/stm32cubeide_1.6.0/stm32cubeide/plugins/com.st.stm32cube.ide.mcu.externaltools.gnu-tools-for-stm32.9-2020-q2-update.win32_1.5.0.202011040924/tools/bin/../lib/gcc/arm-none-eabi/9.3.1/../../../../arm-none-eabi/lib/thumb/v7e-m+fp/hard\libc_nano.a(lib_a-nano-mallocr.o)
                0x0000000008006c24                _malloc_r
 .text.__cvt    0x0000000008006cd8       0xc4 c:/st/stm32cubeide_1.6.0/stm32cubeide/plugins/com.st.stm32cube.ide.mcu.externaltools.gnu-tools-for-stm32.9-2020-q2-update.win32_1.5.0.202011040924/tools/bin/../lib/gcc/arm-none-eabi/9.3.1/../../../../arm-none-eabi/lib/thumb/v7e-m+fp/hard\libc_nano.a(lib_a-nano-vfprintf_float.o)
                0x0000000008006cd8                __cvt
 .text.__exponent
                0x0000000008006d9c       0x7c c:/st/stm32cubeide_1.6.0/stm32cubeide/plugins/com.st.stm32cube.ide.mcu.externaltools.gnu-tools-for-stm32.9-2020-q2-update.win32_1.5.0.202011040924/tools/bin/../lib/gcc/arm-none-eabi/9.3.1/../../../../arm-none-eabi/lib/thumb/v7e-m+fp/hard\libc_nano.a(lib_a-nano-vfprintf_float.o)
                0x0000000008006d9c                __exponent
 .text._printf_float
                0x0000000008006e18      0x46c c:/st/stm32cubeide_1.6.0/stm32cubeide/plugins/com.st.stm32cube.ide.mcu.externaltools.gnu-tools-for-stm32.9-2020-q2-update.win32_1.5.0.202011040924/tools/bin/../lib/gcc/arm-none-eabi/9.3.1/../../../../arm-none-eabi/lib/thumb/v7e-m+fp/hard\libc_nano.a(lib_a-nano-vfprintf_float.o)
                0x0000000008006e18                _printf_float
 .text._printf_common
                0x0000000008007284       0xda c:/st/stm32cubeide_1.6.0/stm32cubeide/plugins/com.st.stm32cube.ide.mcu.externaltools.gnu-tools-for-stm32.9-2020-q2-update.win32_1.5.0.202011040924/tools/bin/../lib/gcc/arm-none-eabi/9.3.1/../../../../arm-none-eabi/lib/thumb/v7e-m+fp/hard\libc_nano.a(lib_a-nano-vfprintf_i.o)
                0x0000000008007284                _printf_common
 *fill*         0x000000000800735e        0x2 
 .text._printf_i
                0x0000000008007360      0x24c c:/st/stm32cubeide_1.6.0/stm32cubeide/plugins/com.st.stm32cube.ide.mcu.externaltools.gnu-tools-for-stm32.9-2020-q2-update.win32_1.5.0.202011040924/tools/bin/../lib/gcc/arm-none-eabi/9.3.1/../../../../arm-none-eabi/lib/thumb/v7e-m+fp/hard\libc_nano.a(lib_a-nano-vfprintf_i.o)
                0x0000000008007360                _printf_i
 .text._sbrk_r  0x00000000080075ac       0x20 c:/st/stm32cubeide_1.6.0/stm32cubeide/plugins/com.st.stm32cube.ide.mcu.externaltools.gnu-tools-for-stm32.9-2020-q2-update.win32_1.5.0.202011040924/tools/bin/../lib/gcc/arm-none-eabi/9.3.1/../../../../arm-none-eabi/lib/thumb/v7e-m+fp/hard\libc_nano.a(lib_a-sbrkr.o)
                0x00000000080075ac                _sbrk_r
 .text.sprintf  0x00000000080075cc       0x40 c:/st/stm32cubeide_1.6.0/stm32cubeide/plugins/com.st.stm32cube.ide.mcu.externaltools.gnu-tools-for-stm32.9-2020-q2-update.win32_1.5.0.202011040924/tools/bin/../lib/gcc/arm-none-eabi/9.3.1/../../../../arm-none-eabi/lib/thumb/v7e-m+fp/hard\libc_nano.a(lib_a-sprintf.o)
                0x00000000080075cc                siprintf
                0x00000000080075cc                sprintf
 .text.quorem   0x000000000800760c      0x116 c:/st/stm32cubeide_1.6.0/stm32cubeide/plugins/com.st.stm32cube.ide.mcu.externaltools.gnu-tools-for-stm32.9-2020-q2-update.win32_1.5.0.202011040924/tools/bin/../lib/gcc/arm-none-eabi/9.3.1/../../../../arm-none-eabi/lib/thumb/v7e-m+fp/hard\libc_nano.a(lib_a-dtoa.o)
 *fill*         0x0000000008007722        0x6 
 .text._dtoa_r  0x0000000008007728      0xbd8 c:/st/stm32cubeide_1.6.0/stm32cubeide/plugins/com.st.stm32cube.ide.mcu.externaltools.gnu-tools-for-stm32.9-2020-q2-update.win32_1.5.0.202011040924/tools/bin/../lib/gcc/arm-none-eabi/9.3.1/../../../../arm-none-eabi/lib/thumb/v7e-m+fp/hard\libc_nano.a(lib_a-dtoa.o)
                0x0000000008007728                _dtoa_r
 .text._localeconv_r
                0x0000000008008300        0x8 c:/st/stm32cubeide_1.6.0/stm32cubeide/plugins/com.st.stm32cube.ide.mcu.externaltools.gnu-tools-for-stm32.9-2020-q2-update.win32_1.5.0.202011040924/tools/bin/../lib/gcc/arm-none-eabi/9.3.1/../../../../arm-none-eabi/lib/thumb/v7e-m+fp/hard\libc_nano.a(lib_a-localeconv.o)
                0x0000000008008300                _localeconv_r
 .text.__malloc_lock
                0x0000000008008308        0xc c:/st/stm32cubeide_1.6.0/stm32cubeide/plugins/com.st.stm32cube.ide.mcu.externaltools.gnu-tools-for-stm32.9-2020-q2-update.win32_1.5.0.202011040924/tools/bin/../lib/gcc/arm-none-eabi/9.3.1/../../../../arm-none-eabi/lib/thumb/v7e-m+fp/hard\libc_nano.a(lib_a-mlock.o)
                0x0000000008008308                __malloc_lock
 .text.__malloc_unlock
                0x0000000008008314        0xc c:/st/stm32cubeide_1.6.0/stm32cubeide/plugins/com.st.stm32cube.ide.mcu.externaltools.gnu-tools-for-stm32.9-2020-q2-update.win32_1.5.0.202011040924/tools/bin/../lib/gcc/arm-none-eabi/9.3.1/../../../../arm-none-eabi/lib/thumb/v7e-m+fp/hard\libc_nano.a(lib_a-mlock.o)
                0x0000000008008314                __malloc_unlock
 .text._Balloc  0x0000000008008320       0x80 c:/st/stm32cubeide_1.6.0/stm32cubeide/plugins/com.st.stm32cube.ide.mcu.externaltools.gnu-tools-for-stm32.9-2020-q2-update.win32_1.5.0.202011040924/tools/bin/../lib/gcc/arm-none-eabi/9.3.1/../../../../arm-none-eabi/lib/thumb/v7e-m+fp/hard\libc_nano.a(lib_a-mprec.o)
                0x0000000008008320                _Balloc
 .text._Bfree   0x00000000080083a0       0x44 c:/st/stm32cubeide_1.6.0/stm32cubeide/plugins/com.st.stm32cube.ide.mcu.externaltools.gnu-tools-for-stm32.9-2020-q2-update.win32_1.5.0.202011040924/tools/bin/../lib/gcc/arm-none-eabi/9.3.1/../../../../arm-none-eabi/lib/thumb/v7e-m+fp/hard\libc_nano.a(lib_a-mprec.o)
                0x00000000080083a0                _Bfree
 .text.__multadd
                0x00000000080083e4       0x94 c:/st/stm32cubeide_1.6.0/stm32cubeide/plugins/com.st.stm32cube.ide.mcu.externaltools.gnu-tools-for-stm32.9-2020-q2-update.win32_1.5.0.202011040924/tools/bin/../lib/gcc/arm-none-eabi/9.3.1/../../../../arm-none-eabi/lib/thumb/v7e-m+fp/hard\libc_nano.a(lib_a-mprec.o)
                0x00000000080083e4                __multadd
 .text.__hi0bits
                0x0000000008008478       0x40 c:/st/stm32cubeide_1.6.0/stm32cubeide/plugins/com.st.stm32cube.ide.mcu.externaltools.gnu-tools-for-stm32.9-2020-q2-update.win32_1.5.0.202011040924/tools/bin/../lib/gcc/arm-none-eabi/9.3.1/../../../../arm-none-eabi/lib/thumb/v7e-m+fp/hard\libc_nano.a(lib_a-mprec.o)
                0x0000000008008478                __hi0bits
 .text.__lo0bits
                0x00000000080084b8       0x60 c:/st/stm32cubeide_1.6.0/stm32cubeide/plugins/com.st.stm32cube.ide.mcu.externaltools.gnu-tools-for-stm32.9-2020-q2-update.win32_1.5.0.202011040924/tools/bin/../lib/gcc/arm-none-eabi/9.3.1/../../../../arm-none-eabi/lib/thumb/v7e-m+fp/hard\libc_nano.a(lib_a-mprec.o)
                0x00000000080084b8                __lo0bits
 .text.__i2b    0x0000000008008518       0x2c c:/st/stm32cubeide_1.6.0/stm32cubeide/plugins/com.st.stm32cube.ide.mcu.externaltools.gnu-tools-for-stm32.9-2020-q2-update.win32_1.5.0.202011040924/tools/bin/../lib/gcc/arm-none-eabi/9.3.1/../../../../arm-none-eabi/lib/thumb/v7e-m+fp/hard\libc_nano.a(lib_a-mprec.o)
                0x0000000008008518                __i2b
 .text.__multiply
                0x0000000008008544      0x14c c:/st/stm32cubeide_1.6.0/stm32cubeide/plugins/com.st.stm32cube.ide.mcu.externaltools.gnu-tools-for-stm32.9-2020-q2-update.win32_1.5.0.202011040924/tools/bin/../lib/gcc/arm-none-eabi/9.3.1/../../../../arm-none-eabi/lib/thumb/v7e-m+fp/hard\libc_nano.a(lib_a-mprec.o)
                0x0000000008008544                __multiply
 .text.__pow5mult
                0x0000000008008690       0xb4 c:/st/stm32cubeide_1.6.0/stm32cubeide/plugins/com.st.stm32cube.ide.mcu.externaltools.gnu-tools-for-stm32.9-2020-q2-update.win32_1.5.0.202011040924/tools/bin/../lib/gcc/arm-none-eabi/9.3.1/../../../../arm-none-eabi/lib/thumb/v7e-m+fp/hard\libc_nano.a(lib_a-mprec.o)
                0x0000000008008690                __pow5mult
 .text.__lshift
                0x0000000008008744       0xd8 c:/st/stm32cubeide_1.6.0/stm32cubeide/plugins/com.st.stm32cube.ide.mcu.externaltools.gnu-tools-for-stm32.9-2020-q2-update.win32_1.5.0.202011040924/tools/bin/../lib/gcc/arm-none-eabi/9.3.1/../../../../arm-none-eabi/lib/thumb/v7e-m+fp/hard\libc_nano.a(lib_a-mprec.o)
                0x0000000008008744                __lshift
 .text.__mcmp   0x000000000800881c       0x38 c:/st/stm32cubeide_1.6.0/stm32cubeide/plugins/com.st.stm32cube.ide.mcu.externaltools.gnu-tools-for-stm32.9-2020-q2-update.win32_1.5.0.202011040924/tools/bin/../lib/gcc/arm-none-eabi/9.3.1/../../../../arm-none-eabi/lib/thumb/v7e-m+fp/hard\libc_nano.a(lib_a-mprec.o)
                0x000000000800881c                __mcmp
 .text.__mdiff  0x0000000008008854      0x110 c:/st/stm32cubeide_1.6.0/stm32cubeide/plugins/com.st.stm32cube.ide.mcu.externaltools.gnu-tools-for-stm32.9-2020-q2-update.win32_1.5.0.202011040924/tools/bin/../lib/gcc/arm-none-eabi/9.3.1/../../../../arm-none-eabi/lib/thumb/v7e-m+fp/hard\libc_nano.a(lib_a-mprec.o)
                0x0000000008008854                __mdiff
 .text.__d2b    0x0000000008008964       0xb8 c:/st/stm32cubeide_1.6.0/stm32cubeide/plugins/com.st.stm32cube.ide.mcu.externaltools.gnu-tools-for-stm32.9-2020-q2-update.win32_1.5.0.202011040924/tools/bin/../lib/gcc/arm-none-eabi/9.3.1/../../../../arm-none-eabi/lib/thumb/v7e-m+fp/hard\libc_nano.a(lib_a-mprec.o)
                0x0000000008008964                __d2b
 .text._calloc_r
                0x0000000008008a1c       0x1e c:/st/stm32cubeide_1.6.0/stm32cubeide/plugins/com.st.stm32cube.ide.mcu.externaltools.gnu-tools-for-stm32.9-2020-q2-update.win32_1.5.0.202011040924/tools/bin/../lib/gcc/arm-none-eabi/9.3.1/../../../../arm-none-eabi/lib/thumb/v7e-m+fp/hard\libc_nano.a(lib_a-nano-callocr.o)
                0x0000000008008a1c                _calloc_r
 .text._realloc_r
                0x0000000008008a3a       0x4c c:/st/stm32cubeide_1.6.0/stm32cubeide/plugins/com.st.stm32cube.ide.mcu.externaltools.gnu-tools-for-stm32.9-2020-q2-update.win32_1.5.0.202011040924/tools/bin/../lib/gcc/arm-none-eabi/9.3.1/../../../../arm-none-eabi/lib/thumb/v7e-m+fp/hard\libc_nano.a(lib_a-nano-reallocr.o)
                0x0000000008008a3a                _realloc_r
 .text.__ssputs_r
                0x0000000008008a86       0xb6 c:/st/stm32cubeide_1.6.0/stm32cubeide/plugins/com.st.stm32cube.ide.mcu.externaltools.gnu-tools-for-stm32.9-2020-q2-update.win32_1.5.0.202011040924/tools/bin/../lib/gcc/arm-none-eabi/9.3.1/../../../../arm-none-eabi/lib/thumb/v7e-m+fp/hard\libc_nano.a(lib_a-nano-svfprintf.o)
                0x0000000008008a86                __ssputs_r
 .text._svfprintf_r
                0x0000000008008b3c      0x200 c:/st/stm32cubeide_1.6.0/stm32cubeide/plugins/com.st.stm32cube.ide.mcu.externaltools.gnu-tools-for-stm32.9-2020-q2-update.win32_1.5.0.202011040924/tools/bin/../lib/gcc/arm-none-eabi/9.3.1/../../../../arm-none-eabi/lib/thumb/v7e-m+fp/hard\libc_nano.a(lib_a-nano-svfprintf.o)
                0x0000000008008b3c                _svfiprintf_r
                0x0000000008008b3c                _svfprintf_r
 .text.__assert_func
                0x0000000008008d3c       0x3c c:/st/stm32cubeide_1.6.0/stm32cubeide/plugins/com.st.stm32cube.ide.mcu.externaltools.gnu-tools-for-stm32.9-2020-q2-update.win32_1.5.0.202011040924/tools/bin/../lib/gcc/arm-none-eabi/9.3.1/../../../../arm-none-eabi/lib/thumb/v7e-m+fp/hard\libc_nano.a(lib_a-assert.o)
                0x0000000008008d3c                __assert_func
 .text.fprintf  0x0000000008008d78       0x24 c:/st/stm32cubeide_1.6.0/stm32cubeide/plugins/com.st.stm32cube.ide.mcu.externaltools.gnu-tools-for-stm32.9-2020-q2-update.win32_1.5.0.202011040924/tools/bin/../lib/gcc/arm-none-eabi/9.3.1/../../../../arm-none-eabi/lib/thumb/v7e-m+fp/hard\libc_nano.a(lib_a-fprintf.o)
                0x0000000008008d78                fiprintf
                0x0000000008008d78                fprintf
 .text.__retarget_lock_init_recursive
                0x0000000008008d9c        0x2 c:/st/stm32cubeide_1.6.0/stm32cubeide/plugins/com.st.stm32cube.ide.mcu.externaltools.gnu-tools-for-stm32.9-2020-q2-update.win32_1.5.0.202011040924/tools/bin/../lib/gcc/arm-none-eabi/9.3.1/../../../../arm-none-eabi/lib/thumb/v7e-m+fp/hard\libc_nano.a(lib_a-lock.o)
                0x0000000008008d9c                __retarget_lock_init_recursive
 .text.__retarget_lock_acquire_recursive
                0x0000000008008d9e        0x2 c:/st/stm32cubeide_1.6.0/stm32cubeide/plugins/com.st.stm32cube.ide.mcu.externaltools.gnu-tools-for-stm32.9-2020-q2-update.win32_1.5.0.202011040924/tools/bin/../lib/gcc/arm-none-eabi/9.3.1/../../../../arm-none-eabi/lib/thumb/v7e-m+fp/hard\libc_nano.a(lib_a-lock.o)
                0x0000000008008d9e                __retarget_lock_acquire_recursive
 .text.__retarget_lock_release_recursive
                0x0000000008008da0        0x2 c:/st/stm32cubeide_1.6.0/stm32cubeide/plugins/com.st.stm32cube.ide.mcu.externaltools.gnu-tools-for-stm32.9-2020-q2-update.win32_1.5.0.202011040924/tools/bin/../lib/gcc/arm-none-eabi/9.3.1/../../../../arm-none-eabi/lib/thumb/v7e-m+fp/hard\libc_nano.a(lib_a-lock.o)
                0x0000000008008da0                __retarget_lock_release_recursive
 .text.__ascii_mbtowc
                0x0000000008008da2       0x24 c:/st/stm32cubeide_1.6.0/stm32cubeide/plugins/com.st.stm32cube.ide.mcu.externaltools.gnu-tools-for-stm32.9-2020-q2-update.win32_1.5.0.202011040924/tools/bin/../lib/gcc/arm-none-eabi/9.3.1/../../../../arm-none-eabi/lib/thumb/v7e-m+fp/hard\libc_nano.a(lib_a-mbtowc_r.o)
                0x0000000008008da2                __ascii_mbtowc
 .text.memmove  0x0000000008008dc6       0x34 c:/st/stm32cubeide_1.6.0/stm32cubeide/plugins/com.st.stm32cube.ide.mcu.externaltools.gnu-tools-for-stm32.9-2020-q2-update.win32_1.5.0.202011040924/tools/bin/../lib/gcc/arm-none-eabi/9.3.1/../../../../arm-none-eabi/lib/thumb/v7e-m+fp/hard\libc_nano.a(lib_a-memmove.o)
                0x0000000008008dc6                memmove
 .text._malloc_usable_size_r
                0x0000000008008dfa       0x10 c:/st/stm32cubeide_1.6.0/stm32cubeide/plugins/com.st.stm32cube.ide.mcu.externaltools.gnu-tools-for-stm32.9-2020-q2-update.win32_1.5.0.202011040924/tools/bin/../lib/gcc/arm-none-eabi/9.3.1/../../../../arm-none-eabi/lib/thumb/v7e-m+fp/hard\libc_nano.a(lib_a-nano-msizer.o)
                0x0000000008008dfa                _malloc_usable_size_r
 .text.__sfputc_r
                0x0000000008008e0a       0x2e c:/st/stm32cubeide_1.6.0/stm32cubeide/plugins/com.st.stm32cube.ide.mcu.externaltools.gnu-tools-for-stm32.9-2020-q2-update.win32_1.5.0.202011040924/tools/bin/../lib/gcc/arm-none-eabi/9.3.1/../../../../arm-none-eabi/lib/thumb/v7e-m+fp/hard\libc_nano.a(lib_a-nano-vfprintf.o)
 .text.__sfputs_r
                0x0000000008008e38       0x24 c:/st/stm32cubeide_1.6.0/stm32cubeide/plugins/com.st.stm32cube.ide.mcu.externaltools.gnu-tools-for-stm32.9-2020-q2-update.win32_1.5.0.202011040924/tools/bin/../lib/gcc/arm-none-eabi/9.3.1/../../../../arm-none-eabi/lib/thumb/v7e-m+fp/hard\libc_nano.a(lib_a-nano-vfprintf.o)
                0x0000000008008e38                __sfputs_r
 .text._vfprintf_r
                0x0000000008008e5c      0x260 c:/st/stm32cubeide_1.6.0/stm32cubeide/plugins/com.st.stm32cube.ide.mcu.externaltools.gnu-tools-for-stm32.9-2020-q2-update.win32_1.5.0.202011040924/tools/bin/../lib/gcc/arm-none-eabi/9.3.1/../../../../arm-none-eabi/lib/thumb/v7e-m+fp/hard\libc_nano.a(lib_a-nano-vfprintf.o)
                0x0000000008008e5c                _vfprintf_r
                0x0000000008008e5c                _vfiprintf_r
 .text.__swbuf_r
                0x00000000080090bc       0xa4 c:/st/stm32cubeide_1.6.0/stm32cubeide/plugins/com.st.stm32cube.ide.mcu.externaltools.gnu-tools-for-stm32.9-2020-q2-update.win32_1.5.0.202011040924/tools/bin/../lib/gcc/arm-none-eabi/9.3.1/../../../../arm-none-eabi/lib/thumb/v7e-m+fp/hard\libc_nano.a(lib_a-wbuf.o)
                0x00000000080090bc                __swbuf_r
 .text.__ascii_wctomb
                0x0000000008009160       0x1a c:/st/stm32cubeide_1.6.0/stm32cubeide/plugins/com.st.stm32cube.ide.mcu.externaltools.gnu-tools-for-stm32.9-2020-q2-update.win32_1.5.0.202011040924/tools/bin/../lib/gcc/arm-none-eabi/9.3.1/../../../../arm-none-eabi/lib/thumb/v7e-m+fp/hard\libc_nano.a(lib_a-wctomb_r.o)
                0x0000000008009160                __ascii_wctomb
 *fill*         0x000000000800917a        0x2 
 .text.__swsetup_r
                0x000000000800917c       0xdc c:/st/stm32cubeide_1.6.0/stm32cubeide/plugins/com.st.stm32cube.ide.mcu.externaltools.gnu-tools-for-stm32.9-2020-q2-update.win32_1.5.0.202011040924/tools/bin/../lib/gcc/arm-none-eabi/9.3.1/../../../../arm-none-eabi/lib/thumb/v7e-m+fp/hard\libc_nano.a(lib_a-wsetup.o)
                0x000000000800917c                __swsetup_r
 .text.abort    0x0000000008009258        0xe c:/st/stm32cubeide_1.6.0/stm32cubeide/plugins/com.st.stm32cube.ide.mcu.externaltools.gnu-tools-for-stm32.9-2020-q2-update.win32_1.5.0.202011040924/tools/bin/../lib/gcc/arm-none-eabi/9.3.1/../../../../arm-none-eabi/lib/thumb/v7e-m+fp/hard\libc_nano.a(lib_a-abort.o)
                0x0000000008009258                abort
 *fill*         0x0000000008009266        0x2 
 .text.__sflush_r
                0x0000000008009268      0x10c c:/st/stm32cubeide_1.6.0/stm32cubeide/plugins/com.st.stm32cube.ide.mcu.externaltools.gnu-tools-for-stm32.9-2020-q2-update.win32_1.5.0.202011040924/tools/bin/../lib/gcc/arm-none-eabi/9.3.1/../../../../arm-none-eabi/lib/thumb/v7e-m+fp/hard\libc_nano.a(lib_a-fflush.o)
                0x0000000008009268                __sflush_r
 .text._fflush_r
                0x0000000008009374       0x78 c:/st/stm32cubeide_1.6.0/stm32cubeide/plugins/com.st.stm32cube.ide.mcu.externaltools.gnu-tools-for-stm32.9-2020-q2-update.win32_1.5.0.202011040924/tools/bin/../lib/gcc/arm-none-eabi/9.3.1/../../../../arm-none-eabi/lib/thumb/v7e-m+fp/hard\libc_nano.a(lib_a-fflush.o)
                0x0000000008009374                _fflush_r
 .text.std      0x00000000080093ec       0x48 c:/st/stm32cubeide_1.6.0/stm32cubeide/plugins/com.st.stm32cube.ide.mcu.externaltools.gnu-tools-for-stm32.9-2020-q2-update.win32_1.5.0.202011040924/tools/bin/../lib/gcc/arm-none-eabi/9.3.1/../../../../arm-none-eabi/lib/thumb/v7e-m+fp/hard\libc_nano.a(lib_a-findfp.o)
 .text._cleanup_r
                0x0000000008009434        0xc c:/st/stm32cubeide_1.6.0/stm32cubeide/plugins/com.st.stm32cube.ide.mcu.externaltools.gnu-tools-for-stm32.9-2020-q2-update.win32_1.5.0.202011040924/tools/bin/../lib/gcc/arm-none-eabi/9.3.1/../../../../arm-none-eabi/lib/thumb/v7e-m+fp/hard\libc_nano.a(lib_a-findfp.o)
                0x0000000008009434                _cleanup_r
 .text.__sfmoreglue
                0x0000000008009440       0x2c c:/st/stm32cubeide_1.6.0/stm32cubeide/plugins/com.st.stm32cube.ide.mcu.externaltools.gnu-tools-for-stm32.9-2020-q2-update.win32_1.5.0.202011040924/tools/bin/../lib/gcc/arm-none-eabi/9.3.1/../../../../arm-none-eabi/lib/thumb/v7e-m+fp/hard\libc_nano.a(lib_a-findfp.o)
                0x0000000008009440                __sfmoreglue
 .text.__sfp_lock_acquire
                0x000000000800946c        0xc c:/st/stm32cubeide_1.6.0/stm32cubeide/plugins/com.st.stm32cube.ide.mcu.externaltools.gnu-tools-for-stm32.9-2020-q2-update.win32_1.5.0.202011040924/tools/bin/../lib/gcc/arm-none-eabi/9.3.1/../../../../arm-none-eabi/lib/thumb/v7e-m+fp/hard\libc_nano.a(lib_a-findfp.o)
                0x000000000800946c                __sfp_lock_acquire
 .text.__sfp_lock_release
                0x0000000008009478        0xc c:/st/stm32cubeide_1.6.0/stm32cubeide/plugins/com.st.stm32cube.ide.mcu.externaltools.gnu-tools-for-stm32.9-2020-q2-update.win32_1.5.0.202011040924/tools/bin/../lib/gcc/arm-none-eabi/9.3.1/../../../../arm-none-eabi/lib/thumb/v7e-m+fp/hard\libc_nano.a(lib_a-findfp.o)
                0x0000000008009478                __sfp_lock_release
 .text.__sinit_lock_acquire
                0x0000000008009484        0xc c:/st/stm32cubeide_1.6.0/stm32cubeide/plugins/com.st.stm32cube.ide.mcu.externaltools.gnu-tools-for-stm32.9-2020-q2-update.win32_1.5.0.202011040924/tools/bin/../lib/gcc/arm-none-eabi/9.3.1/../../../../arm-none-eabi/lib/thumb/v7e-m+fp/hard\libc_nano.a(lib_a-findfp.o)
                0x0000000008009484                __sinit_lock_acquire
 .text.__sinit_lock_release
                0x0000000008009490        0xc c:/st/stm32cubeide_1.6.0/stm32cubeide/plugins/com.st.stm32cube.ide.mcu.externaltools.gnu-tools-for-stm32.9-2020-q2-update.win32_1.5.0.202011040924/tools/bin/../lib/gcc/arm-none-eabi/9.3.1/../../../../arm-none-eabi/lib/thumb/v7e-m+fp/hard\libc_nano.a(lib_a-findfp.o)
                0x0000000008009490                __sinit_lock_release
 .text.__sinit  0x000000000800949c       0x70 c:/st/stm32cubeide_1.6.0/stm32cubeide/plugins/com.st.stm32cube.ide.mcu.externaltools.gnu-tools-for-stm32.9-2020-q2-update.win32_1.5.0.202011040924/tools/bin/../lib/gcc/arm-none-eabi/9.3.1/../../../../arm-none-eabi/lib/thumb/v7e-m+fp/hard\libc_nano.a(lib_a-findfp.o)
                0x000000000800949c                __sinit
 .text.__sfp    0x000000000800950c       0x8c c:/st/stm32cubeide_1.6.0/stm32cubeide/plugins/com.st.stm32cube.ide.mcu.externaltools.gnu-tools-for-stm32.9-2020-q2-update.win32_1.5.0.202011040924/tools/bin/../lib/gcc/arm-none-eabi/9.3.1/../../../../arm-none-eabi/lib/thumb/v7e-m+fp/hard\libc_nano.a(lib_a-findfp.o)
                0x000000000800950c                __sfp
 .text._fwalk_reent
                0x0000000008009598       0x3e c:/st/stm32cubeide_1.6.0/stm32cubeide/plugins/com.st.stm32cube.ide.mcu.externaltools.gnu-tools-for-stm32.9-2020-q2-update.win32_1.5.0.202011040924/tools/bin/../lib/gcc/arm-none-eabi/9.3.1/../../../../arm-none-eabi/lib/thumb/v7e-m+fp/hard\libc_nano.a(lib_a-fwalk.o)
                0x0000000008009598                _fwalk_reent
 .text.__swhatbuf_r
                0x00000000080095d6       0x48 c:/st/stm32cubeide_1.6.0/stm32cubeide/plugins/com.st.stm32cube.ide.mcu.externaltools.gnu-tools-for-stm32.9-2020-q2-update.win32_1.5.0.202011040924/tools/bin/../lib/gcc/arm-none-eabi/9.3.1/../../../../arm-none-eabi/lib/thumb/v7e-m+fp/hard\libc_nano.a(lib_a-makebuf.o)
                0x00000000080095d6                __swhatbuf_r
 *fill*         0x000000000800961e        0x2 
 .text.__smakebuf_r
                0x0000000008009620       0x80 c:/st/stm32cubeide_1.6.0/stm32cubeide/plugins/com.st.stm32cube.ide.mcu.externaltools.gnu-tools-for-stm32.9-2020-q2-update.win32_1.5.0.202011040924/tools/bin/../lib/gcc/arm-none-eabi/9.3.1/../../../../arm-none-eabi/lib/thumb/v7e-m+fp/hard\libc_nano.a(lib_a-makebuf.o)
                0x0000000008009620                __smakebuf_r
 .text._raise_r
                0x00000000080096a0       0x50 c:/st/stm32cubeide_1.6.0/stm32cubeide/plugins/com.st.stm32cube.ide.mcu.externaltools.gnu-tools-for-stm32.9-2020-q2-update.win32_1.5.0.202011040924/tools/bin/../lib/gcc/arm-none-eabi/9.3.1/../../../../arm-none-eabi/lib/thumb/v7e-m+fp/hard\libc_nano.a(lib_a-signal.o)
                0x00000000080096a0                _raise_r
 .text.raise    0x00000000080096f0       0x10 c:/st/stm32cubeide_1.6.0/stm32cubeide/plugins/com.st.stm32cube.ide.mcu.externaltools.gnu-tools-for-stm32.9-2020-q2-update.win32_1.5.0.202011040924/tools/bin/../lib/gcc/arm-none-eabi/9.3.1/../../../../arm-none-eabi/lib/thumb/v7e-m+fp/hard\libc_nano.a(lib_a-signal.o)
                0x00000000080096f0                raise
 .text._kill_r  0x0000000008009700       0x24 c:/st/stm32cubeide_1.6.0/stm32cubeide/plugins/com.st.stm32cube.ide.mcu.externaltools.gnu-tools-for-stm32.9-2020-q2-update.win32_1.5.0.202011040924/tools/bin/../lib/gcc/arm-none-eabi/9.3.1/../../../../arm-none-eabi/lib/thumb/v7e-m+fp/hard\libc_nano.a(lib_a-signalr.o)
                0x0000000008009700                _kill_r
 .text._getpid_r
                0x0000000008009724        0x4 c:/st/stm32cubeide_1.6.0/stm32cubeide/plugins/com.st.stm32cube.ide.mcu.externaltools.gnu-tools-for-stm32.9-2020-q2-update.win32_1.5.0.202011040924/tools/bin/../lib/gcc/arm-none-eabi/9.3.1/../../../../arm-none-eabi/lib/thumb/v7e-m+fp/hard\libc_nano.a(lib_a-signalr.o)
                0x0000000008009724                _getpid_r
 .text.__sread  0x0000000008009728       0x22 c:/st/stm32cubeide_1.6.0/stm32cubeide/plugins/com.st.stm32cube.ide.mcu.externaltools.gnu-tools-for-stm32.9-2020-q2-update.win32_1.5.0.202011040924/tools/bin/../lib/gcc/arm-none-eabi/9.3.1/../../../../arm-none-eabi/lib/thumb/v7e-m+fp/hard\libc_nano.a(lib_a-stdio.o)
                0x0000000008009728                __sread
 .text.__swrite
                0x000000000800974a       0x38 c:/st/stm32cubeide_1.6.0/stm32cubeide/plugins/com.st.stm32cube.ide.mcu.externaltools.gnu-tools-for-stm32.9-2020-q2-update.win32_1.5.0.202011040924/tools/bin/../lib/gcc/arm-none-eabi/9.3.1/../../../../arm-none-eabi/lib/thumb/v7e-m+fp/hard\libc_nano.a(lib_a-stdio.o)
                0x000000000800974a                __swrite
 .text.__sseek  0x0000000008009782       0x24 c:/st/stm32cubeide_1.6.0/stm32cubeide/plugins/com.st.stm32cube.ide.mcu.externaltools.gnu-tools-for-stm32.9-2020-q2-update.win32_1.5.0.202011040924/tools/bin/../lib/gcc/arm-none-eabi/9.3.1/../../../../arm-none-eabi/lib/thumb/v7e-m+fp/hard\libc_nano.a(lib_a-stdio.o)
                0x0000000008009782                __sseek
 .text.__sclose
                0x00000000080097a6        0x8 c:/st/stm32cubeide_1.6.0/stm32cubeide/plugins/com.st.stm32cube.ide.mcu.externaltools.gnu-tools-for-stm32.9-2020-q2-update.win32_1.5.0.202011040924/tools/bin/../lib/gcc/arm-none-eabi/9.3.1/../../../../arm-none-eabi/lib/thumb/v7e-m+fp/hard\libc_nano.a(lib_a-stdio.o)
                0x00000000080097a6                __sclose
 *fill*         0x00000000080097ae        0x2 
 .text._write_r
                0x00000000080097b0       0x24 c:/st/stm32cubeide_1.6.0/stm32cubeide/plugins/com.st.stm32cube.ide.mcu.externaltools.gnu-tools-for-stm32.9-2020-q2-update.win32_1.5.0.202011040924/tools/bin/../lib/gcc/arm-none-eabi/9.3.1/../../../../arm-none-eabi/lib/thumb/v7e-m+fp/hard\libc_nano.a(lib_a-writer.o)
                0x00000000080097b0                _write_r
 .text._close_r
                0x00000000080097d4       0x20 c:/st/stm32cubeide_1.6.0/stm32cubeide/plugins/com.st.stm32cube.ide.mcu.externaltools.gnu-tools-for-stm32.9-2020-q2-update.win32_1.5.0.202011040924/tools/bin/../lib/gcc/arm-none-eabi/9.3.1/../../../../arm-none-eabi/lib/thumb/v7e-m+fp/hard\libc_nano.a(lib_a-closer.o)
                0x00000000080097d4                _close_r
 .text._fstat_r
                0x00000000080097f4       0x24 c:/st/stm32cubeide_1.6.0/stm32cubeide/plugins/com.st.stm32cube.ide.mcu.externaltools.gnu-tools-for-stm32.9-2020-q2-update.win32_1.5.0.202011040924/tools/bin/../lib/gcc/arm-none-eabi/9.3.1/../../../../arm-none-eabi/lib/thumb/v7e-m+fp/hard\libc_nano.a(lib_a-fstatr.o)
                0x00000000080097f4                _fstat_r
 .text._isatty_r
                0x0000000008009818       0x20 c:/st/stm32cubeide_1.6.0/stm32cubeide/plugins/com.st.stm32cube.ide.mcu.externaltools.gnu-tools-for-stm32.9-2020-q2-update.win32_1.5.0.202011040924/tools/bin/../lib/gcc/arm-none-eabi/9.3.1/../../../../arm-none-eabi/lib/thumb/v7e-m+fp/hard\libc_nano.a(lib_a-isattyr.o)
                0x0000000008009818                _isatty_r
 .text._lseek_r
                0x0000000008009838       0x24 c:/st/stm32cubeide_1.6.0/stm32cubeide/plugins/com.st.stm32cube.ide.mcu.externaltools.gnu-tools-for-stm32.9-2020-q2-update.win32_1.5.0.202011040924/tools/bin/../lib/gcc/arm-none-eabi/9.3.1/../../../../arm-none-eabi/lib/thumb/v7e-m+fp/hard\libc_nano.a(lib_a-lseekr.o)
                0x0000000008009838                _lseek_r
 .text._read_r  0x000000000800985c       0x24 c:/st/stm32cubeide_1.6.0/stm32cubeide/plugins/com.st.stm32cube.ide.mcu.externaltools.gnu-tools-for-stm32.9-2020-q2-update.win32_1.5.0.202011040924/tools/bin/../lib/gcc/arm-none-eabi/9.3.1/../../../../arm-none-eabi/lib/thumb/v7e-m+fp/hard\libc_nano.a(lib_a-readr.o)
                0x000000000800985c                _read_r
 .text.expf     0x0000000008009880       0x7c c:/st/stm32cubeide_1.6.0/stm32cubeide/plugins/com.st.stm32cube.ide.mcu.externaltools.gnu-tools-for-stm32.9-2020-q2-update.win32_1.5.0.202011040924/tools/bin/../lib/gcc/arm-none-eabi/9.3.1/../../../../arm-none-eabi/lib/thumb/v7e-m+fp/hard\libm.a(lib_a-wf_exp.o)
                0x0000000008009880                expf
 .text.__ieee754_expf
                0x00000000080098fc      0x1a8 c:/st/stm32cubeide_1.6.0/stm32cubeide/plugins/com.st.stm32cube.ide.mcu.externaltools.gnu-tools-for-stm32.9-2020-q2-update.win32_1.5.0.202011040924/tools/bin/../lib/gcc/arm-none-eabi/9.3.1/../../../../arm-none-eabi/lib/thumb/v7e-m+fp/hard\libm.a(lib_a-ef_exp.o)
                0x00000000080098fc                __ieee754_expf
 .text.finitef  0x0000000008009aa4       0x1a c:/st/stm32cubeide_1.6.0/stm32cubeide/plugins/com.st.stm32cube.ide.mcu.externaltools.gnu-tools-for-stm32.9-2020-q2-update.win32_1.5.0.202011040924/tools/bin/../lib/gcc/arm-none-eabi/9.3.1/../../../../arm-none-eabi/lib/thumb/v7e-m+fp/hard\libm.a(lib_a-sf_finite.o)
                0x0000000008009aa4                finitef
 *(.glue_7)
 .glue_7        0x0000000008009abe        0x0 linker stubs
 *(.glue_7t)
 .glue_7t       0x0000000008009abe        0x0 linker stubs
 *(.eh_frame)
 *fill*         0x0000000008009abe        0x2 
 .eh_frame      0x0000000008009ac0        0x0 c:/st/stm32cubeide_1.6.0/stm32cubeide/plugins/com.st.stm32cube.ide.mcu.externaltools.gnu-tools-for-stm32.9-2020-q2-update.win32_1.5.0.202011040924/tools/bin/../lib/gcc/arm-none-eabi/9.3.1/thumb/v7e-m+fp/hard/crtbegin.o
 *(.init)
 .init          0x0000000008009ac0        0x4 c:/st/stm32cubeide_1.6.0/stm32cubeide/plugins/com.st.stm32cube.ide.mcu.externaltools.gnu-tools-for-stm32.9-2020-q2-update.win32_1.5.0.202011040924/tools/bin/../lib/gcc/arm-none-eabi/9.3.1/thumb/v7e-m+fp/hard/crti.o
                0x0000000008009ac0                _init
 .init          0x0000000008009ac4        0x8 c:/st/stm32cubeide_1.6.0/stm32cubeide/plugins/com.st.stm32cube.ide.mcu.externaltools.gnu-tools-for-stm32.9-2020-q2-update.win32_1.5.0.202011040924/tools/bin/../lib/gcc/arm-none-eabi/9.3.1/thumb/v7e-m+fp/hard/crtn.o
 *(.fini)
 .fini          0x0000000008009acc        0x4 c:/st/stm32cubeide_1.6.0/stm32cubeide/plugins/com.st.stm32cube.ide.mcu.externaltools.gnu-tools-for-stm32.9-2020-q2-update.win32_1.5.0.202011040924/tools/bin/../lib/gcc/arm-none-eabi/9.3.1/thumb/v7e-m+fp/hard/crti.o
                0x0000000008009acc                _fini
 .fini          0x0000000008009ad0        0x8 c:/st/stm32cubeide_1.6.0/stm32cubeide/plugins/com.st.stm32cube.ide.mcu.externaltools.gnu-tools-for-stm32.9-2020-q2-update.win32_1.5.0.202011040924/tools/bin/../lib/gcc/arm-none-eabi/9.3.1/thumb/v7e-m+fp/hard/crtn.o
                0x0000000008009ad8                . = ALIGN (0x4)
                0x0000000008009ad8                _etext = .

.vfp11_veneer   0x0000000008009ad8        0x0
 .vfp11_veneer  0x0000000008009ad8        0x0 linker stubs

.v4_bx          0x0000000008009ad8        0x0
 .v4_bx         0x0000000008009ad8        0x0 linker stubs

.iplt           0x0000000008009ad8        0x0
 .iplt          0x0000000008009ad8        0x0 c:/st/stm32cubeide_1.6.0/stm32cubeide/plugins/com.st.stm32cube.ide.mcu.externaltools.gnu-tools-for-stm32.9-2020-q2-update.win32_1.5.0.202011040924/tools/bin/../lib/gcc/arm-none-eabi/9.3.1/thumb/v7e-m+fp/hard/crtbegin.o

.rodata         0x0000000008009ad8    0x326e4
                0x0000000008009ad8                . = ALIGN (0x4)
 *(.rodata)
 .rodata        0x0000000008009ad8       0xc4 Core/Src/main.o
 .rodata        0x0000000008009b9c        0x4 ../Middlewares/ST/AI/Lib\NetworkRuntime520_CM4_GCC.a(layers.o)
 *(.rodata*)
 .rodata.AHBPrescTable
                0x0000000008009ba0       0x10 Core/Src/system_stm32l4xx.o
                0x0000000008009ba0                AHBPrescTable
 .rodata.APBPrescTable
                0x0000000008009bb0        0x8 Core/Src/system_stm32l4xx.o
                0x0000000008009bb0                APBPrescTable
 .rodata.MSIRangeTable
                0x0000000008009bb8       0x30 Core/Src/system_stm32l4xx.o
                0x0000000008009bb8                MSIRangeTable
 .rodata.UARTPrescTable
                0x0000000008009be8       0x18 Drivers/STM32L4xx_HAL_Driver/Src/stm32l4xx_hal_uart.o
                0x0000000008009be8                UARTPrescTable
 .rodata.numerator.9182
                0x0000000008009c00        0x8 Drivers/STM32L4xx_HAL_Driver/Src/stm32l4xx_hal_uart_ex.o
 .rodata.denominator.9183
                0x0000000008009c08        0x8 Drivers/STM32L4xx_HAL_Driver/Src/stm32l4xx_hal_uart_ex.o
 .rodata.lstm_1_chain
                0x0000000008009c10        0x8 X-CUBE-AI/App/sine_model.o
 .rodata.dense_2_chain
                0x0000000008009c18        0x8 X-CUBE-AI/App/sine_model.o
 .rodata.dense_2_nl_chain
                0x0000000008009c20        0x8 X-CUBE-AI/App/sine_model.o
 .rodata.dense_3_chain
                0x0000000008009c28        0x8 X-CUBE-AI/App/sine_model.o
 .rodata.s_sine_model_weights.5787
                0x0000000008009c30    0x32194 X-CUBE-AI/App/sine_model_data.o
 .rodata._global_impure_ptr
                0x000000000803bdc4        0x4 c:/st/stm32cubeide_1.6.0/stm32cubeide/plugins/com.st.stm32cube.ide.mcu.externaltools.gnu-tools-for-stm32.9-2020-q2-update.win32_1.5.0.202011040924/tools/bin/../lib/gcc/arm-none-eabi/9.3.1/../../../../arm-none-eabi/lib/thumb/v7e-m+fp/hard\libc_nano.a(lib_a-impure.o)
                0x000000000803bdc4                _global_impure_ptr
 .rodata._printf_float.str1.1
                0x000000000803bdc8       0x12 c:/st/stm32cubeide_1.6.0/stm32cubeide/plugins/com.st.stm32cube.ide.mcu.externaltools.gnu-tools-for-stm32.9-2020-q2-update.win32_1.5.0.202011040924/tools/bin/../lib/gcc/arm-none-eabi/9.3.1/../../../../arm-none-eabi/lib/thumb/v7e-m+fp/hard\libc_nano.a(lib_a-nano-vfprintf_float.o)
 .rodata._printf_i.str1.1
                0x000000000803bdda       0x22 c:/st/stm32cubeide_1.6.0/stm32cubeide/plugins/com.st.stm32cube.ide.mcu.externaltools.gnu-tools-for-stm32.9-2020-q2-update.win32_1.5.0.202011040924/tools/bin/../lib/gcc/arm-none-eabi/9.3.1/../../../../arm-none-eabi/lib/thumb/v7e-m+fp/hard\libc_nano.a(lib_a-nano-vfprintf_i.o)
 .rodata._dtoa_r.str1.1
                0x000000000803bdfc       0x94 c:/st/stm32cubeide_1.6.0/stm32cubeide/plugins/com.st.stm32cube.ide.mcu.externaltools.gnu-tools-for-stm32.9-2020-q2-update.win32_1.5.0.202011040924/tools/bin/../lib/gcc/arm-none-eabi/9.3.1/../../../../arm-none-eabi/lib/thumb/v7e-m+fp/hard\libc_nano.a(lib_a-dtoa.o)
                                         0x96 (size before relaxing)
 .rodata._Balloc.str1.1
                0x000000000803be90       0x60 c:/st/stm32cubeide_1.6.0/stm32cubeide/plugins/com.st.stm32cube.ide.mcu.externaltools.gnu-tools-for-stm32.9-2020-q2-update.win32_1.5.0.202011040924/tools/bin/../lib/gcc/arm-none-eabi/9.3.1/../../../../arm-none-eabi/lib/thumb/v7e-m+fp/hard\libc_nano.a(lib_a-mprec.o)
                                         0x77 (size before relaxing)
 .rodata.__multadd.str1.1
                0x000000000803bef0       0x11 c:/st/stm32cubeide_1.6.0/stm32cubeide/plugins/com.st.stm32cube.ide.mcu.externaltools.gnu-tools-for-stm32.9-2020-q2-update.win32_1.5.0.202011040924/tools/bin/../lib/gcc/arm-none-eabi/9.3.1/../../../../arm-none-eabi/lib/thumb/v7e-m+fp/hard\libc_nano.a(lib_a-mprec.o)
 .rodata.__mprec_bigtens
                0x000000000803bef0       0x28 c:/st/stm32cubeide_1.6.0/stm32cubeide/plugins/com.st.stm32cube.ide.mcu.externaltools.gnu-tools-for-stm32.9-2020-q2-update.win32_1.5.0.202011040924/tools/bin/../lib/gcc/arm-none-eabi/9.3.1/../../../../arm-none-eabi/lib/thumb/v7e-m+fp/hard\libc_nano.a(lib_a-mprec.o)
                0x000000000803bef0                __mprec_bigtens
 .rodata.__mprec_tens
                0x000000000803bf18       0xc8 c:/st/stm32cubeide_1.6.0/stm32cubeide/plugins/com.st.stm32cube.ide.mcu.externaltools.gnu-tools-for-stm32.9-2020-q2-update.win32_1.5.0.202011040924/tools/bin/../lib/gcc/arm-none-eabi/9.3.1/../../../../arm-none-eabi/lib/thumb/v7e-m+fp/hard\libc_nano.a(lib_a-mprec.o)
                0x000000000803bf18                __mprec_tens
 .rodata.p05.7513
                0x000000000803bfe0        0xc c:/st/stm32cubeide_1.6.0/stm32cubeide/plugins/com.st.stm32cube.ide.mcu.externaltools.gnu-tools-for-stm32.9-2020-q2-update.win32_1.5.0.202011040924/tools/bin/../lib/gcc/arm-none-eabi/9.3.1/../../../../arm-none-eabi/lib/thumb/v7e-m+fp/hard\libc_nano.a(lib_a-mprec.o)
 .rodata._svfprintf_r.str1.1
                0x000000000803bfec       0x11 c:/st/stm32cubeide_1.6.0/stm32cubeide/plugins/com.st.stm32cube.ide.mcu.externaltools.gnu-tools-for-stm32.9-2020-q2-update.win32_1.5.0.202011040924/tools/bin/../lib/gcc/arm-none-eabi/9.3.1/../../../../arm-none-eabi/lib/thumb/v7e-m+fp/hard\libc_nano.a(lib_a-nano-svfprintf.o)
 .rodata.__assert_func.str1.1
                0x000000000803bffd       0x3c c:/st/stm32cubeide_1.6.0/stm32cubeide/plugins/com.st.stm32cube.ide.mcu.externaltools.gnu-tools-for-stm32.9-2020-q2-update.win32_1.5.0.202011040924/tools/bin/../lib/gcc/arm-none-eabi/9.3.1/../../../../arm-none-eabi/lib/thumb/v7e-m+fp/hard\libc_nano.a(lib_a-assert.o)
                                         0x3d (size before relaxing)
 .rodata._setlocale_r.str1.1
                0x000000000803c039        0x8 c:/st/stm32cubeide_1.6.0/stm32cubeide/plugins/com.st.stm32cube.ide.mcu.externaltools.gnu-tools-for-stm32.9-2020-q2-update.win32_1.5.0.202011040924/tools/bin/../lib/gcc/arm-none-eabi/9.3.1/../../../../arm-none-eabi/lib/thumb/v7e-m+fp/hard\libc_nano.a(lib_a-locale.o)
                                          0x9 (size before relaxing)
 .rodata.str1.1
                0x000000000803c041        0x2 c:/st/stm32cubeide_1.6.0/stm32cubeide/plugins/com.st.stm32cube.ide.mcu.externaltools.gnu-tools-for-stm32.9-2020-q2-update.win32_1.5.0.202011040924/tools/bin/../lib/gcc/arm-none-eabi/9.3.1/../../../../arm-none-eabi/lib/thumb/v7e-m+fp/hard\libc_nano.a(lib_a-locale.o)
 .rodata._vfprintf_r.str1.1
                0x000000000803c043       0x11 c:/st/stm32cubeide_1.6.0/stm32cubeide/plugins/com.st.stm32cube.ide.mcu.externaltools.gnu-tools-for-stm32.9-2020-q2-update.win32_1.5.0.202011040924/tools/bin/../lib/gcc/arm-none-eabi/9.3.1/../../../../arm-none-eabi/lib/thumb/v7e-m+fp/hard\libc_nano.a(lib_a-nano-vfprintf.o)
 .rodata._ctype_
                0x000000000803c043      0x101 c:/st/stm32cubeide_1.6.0/stm32cubeide/plugins/com.st.stm32cube.ide.mcu.externaltools.gnu-tools-for-stm32.9-2020-q2-update.win32_1.5.0.202011040924/tools/bin/../lib/gcc/arm-none-eabi/9.3.1/../../../../arm-none-eabi/lib/thumb/v7e-m+fp/hard\libc_nano.a(lib_a-ctype_.o)
                0x000000000803c043                _ctype_
 .rodata.__sf_fake_stderr
                0x000000000803c144       0x20 c:/st/stm32cubeide_1.6.0/stm32cubeide/plugins/com.st.stm32cube.ide.mcu.externaltools.gnu-tools-for-stm32.9-2020-q2-update.win32_1.5.0.202011040924/tools/bin/../lib/gcc/arm-none-eabi/9.3.1/../../../../arm-none-eabi/lib/thumb/v7e-m+fp/hard\libc_nano.a(lib_a-findfp.o)
                0x000000000803c144                __sf_fake_stderr
 .rodata.__sf_fake_stdin
                0x000000000803c164       0x20 c:/st/stm32cubeide_1.6.0/stm32cubeide/plugins/com.st.stm32cube.ide.mcu.externaltools.gnu-tools-for-stm32.9-2020-q2-update.win32_1.5.0.202011040924/tools/bin/../lib/gcc/arm-none-eabi/9.3.1/../../../../arm-none-eabi/lib/thumb/v7e-m+fp/hard\libc_nano.a(lib_a-findfp.o)
                0x000000000803c164                __sf_fake_stdin
 .rodata.__sf_fake_stdout
                0x000000000803c184       0x20 c:/st/stm32cubeide_1.6.0/stm32cubeide/plugins/com.st.stm32cube.ide.mcu.externaltools.gnu-tools-for-stm32.9-2020-q2-update.win32_1.5.0.202011040924/tools/bin/../lib/gcc/arm-none-eabi/9.3.1/../../../../arm-none-eabi/lib/thumb/v7e-m+fp/hard\libc_nano.a(lib_a-findfp.o)
                0x000000000803c184                __sf_fake_stdout
 .rodata.halF   0x000000000803c1a4        0x8 c:/st/stm32cubeide_1.6.0/stm32cubeide/plugins/com.st.stm32cube.ide.mcu.externaltools.gnu-tools-for-stm32.9-2020-q2-update.win32_1.5.0.202011040924/tools/bin/../lib/gcc/arm-none-eabi/9.3.1/../../../../arm-none-eabi/lib/thumb/v7e-m+fp/hard\libm.a(lib_a-ef_exp.o)
 .rodata.ln2HI  0x000000000803c1ac        0x8 c:/st/stm32cubeide_1.6.0/stm32cubeide/plugins/com.st.stm32cube.ide.mcu.externaltools.gnu-tools-for-stm32.9-2020-q2-update.win32_1.5.0.202011040924/tools/bin/../lib/gcc/arm-none-eabi/9.3.1/../../../../arm-none-eabi/lib/thumb/v7e-m+fp/hard\libm.a(lib_a-ef_exp.o)
 .rodata.ln2LO  0x000000000803c1b4        0x8 c:/st/stm32cubeide_1.6.0/stm32cubeide/plugins/com.st.stm32cube.ide.mcu.externaltools.gnu-tools-for-stm32.9-2020-q2-update.win32_1.5.0.202011040924/tools/bin/../lib/gcc/arm-none-eabi/9.3.1/../../../../arm-none-eabi/lib/thumb/v7e-m+fp/hard\libm.a(lib_a-ef_exp.o)
                0x000000000803c1bc                . = ALIGN (0x4)

.ARM.extab      0x000000000803c1bc        0x0
                0x000000000803c1bc                . = ALIGN (0x4)
 *(.ARM.extab* .gnu.linkonce.armextab.*)
                0x000000000803c1bc                . = ALIGN (0x4)

.ARM            0x000000000803c1bc        0x8
                0x000000000803c1bc                . = ALIGN (0x4)
                0x000000000803c1bc                __exidx_start = .
 *(.ARM.exidx*)
 .ARM.exidx     0x000000000803c1bc        0x8 c:/st/stm32cubeide_1.6.0/stm32cubeide/plugins/com.st.stm32cube.ide.mcu.externaltools.gnu-tools-for-stm32.9-2020-q2-update.win32_1.5.0.202011040924/tools/bin/../lib/gcc/arm-none-eabi/9.3.1/thumb/v7e-m+fp/hard\libgcc.a(_udivmoddi4.o)
                0x000000000803c1c4                __exidx_end = .
                0x000000000803c1c4                . = ALIGN (0x4)

.rel.dyn        0x000000000803c1c4        0x0
 .rel.iplt      0x000000000803c1c4        0x0 c:/st/stm32cubeide_1.6.0/stm32cubeide/plugins/com.st.stm32cube.ide.mcu.externaltools.gnu-tools-for-stm32.9-2020-q2-update.win32_1.5.0.202011040924/tools/bin/../lib/gcc/arm-none-eabi/9.3.1/thumb/v7e-m+fp/hard/crtbegin.o

.preinit_array  0x000000000803c1c4        0x0
                0x000000000803c1c4                . = ALIGN (0x4)
                0x000000000803c1c4                PROVIDE (__preinit_array_start = .)
 *(.preinit_array*)
                0x000000000803c1c4                PROVIDE (__preinit_array_end = .)
                0x000000000803c1c4                . = ALIGN (0x4)

.init_array     0x000000000803c1c4        0x4
                0x000000000803c1c4                . = ALIGN (0x4)
                0x000000000803c1c4                PROVIDE (__init_array_start = .)
 *(SORT_BY_NAME(.init_array.*))
 *(.init_array*)
 .init_array    0x000000000803c1c4        0x4 c:/st/stm32cubeide_1.6.0/stm32cubeide/plugins/com.st.stm32cube.ide.mcu.externaltools.gnu-tools-for-stm32.9-2020-q2-update.win32_1.5.0.202011040924/tools/bin/../lib/gcc/arm-none-eabi/9.3.1/thumb/v7e-m+fp/hard/crtbegin.o
                0x000000000803c1c8                PROVIDE (__init_array_end = .)
                0x000000000803c1c8                . = ALIGN (0x4)

.fini_array     0x000000000803c1c8        0x4
                0x000000000803c1c8                . = ALIGN (0x4)
                [!provide]                        PROVIDE (__fini_array_start = .)
 *(SORT_BY_NAME(.fini_array.*))
 *(.fini_array*)
 .fini_array    0x000000000803c1c8        0x4 c:/st/stm32cubeide_1.6.0/stm32cubeide/plugins/com.st.stm32cube.ide.mcu.externaltools.gnu-tools-for-stm32.9-2020-q2-update.win32_1.5.0.202011040924/tools/bin/../lib/gcc/arm-none-eabi/9.3.1/thumb/v7e-m+fp/hard/crtbegin.o
                [!provide]                        PROVIDE (__fini_array_end = .)
                0x000000000803c1cc                . = ALIGN (0x4)
                0x000000000803c1cc                _sidata = LOADADDR (.data)

.data           0x0000000020000000      0x828 load address 0x000000000803c1cc
                0x0000000020000000                . = ALIGN (0x4)
                0x0000000020000000                _sdata = .
 *(.data)
 *(.data*)
 .data.SystemCoreClock
                0x0000000020000000        0x4 Core/Src/system_stm32l4xx.o
                0x0000000020000000                SystemCoreClock
 .data.uwTickPrio
                0x0000000020000004        0x4 Drivers/STM32L4xx_HAL_Driver/Src/stm32l4xx_hal.o
                0x0000000020000004                uwTickPrio
 .data.uwTickFreq
                0x0000000020000008        0x1 Drivers/STM32L4xx_HAL_Driver/Src/stm32l4xx_hal.o
                0x0000000020000008                uwTickFreq
 *fill*         0x0000000020000009        0x3 
 .data.g_sine_model
                0x000000002000000c       0x60 X-CUBE-AI/App/sine_model.o
 .data.lstm_1_scratch0_array
                0x000000002000006c       0x10 X-CUBE-AI/App/sine_model.o
 .data.dense_3_bias_array
                0x000000002000007c       0x10 X-CUBE-AI/App/sine_model.o
 .data.dense_3_weights_array
                0x000000002000008c       0x10 X-CUBE-AI/App/sine_model.o
 .data.dense_2_bias_array
                0x000000002000009c       0x10 X-CUBE-AI/App/sine_model.o
 .data.dense_2_weights_array
                0x00000000200000ac       0x10 X-CUBE-AI/App/sine_model.o
 .data.lstm_1_bias_array
                0x00000000200000bc       0x10 X-CUBE-AI/App/sine_model.o
 .data.lstm_1_peephole_array
                0x00000000200000cc       0x10 X-CUBE-AI/App/sine_model.o
 .data.lstm_1_recurrent_array
                0x00000000200000dc       0x10 X-CUBE-AI/App/sine_model.o
 .data.lstm_1_kernel_array
                0x00000000200000ec       0x10 X-CUBE-AI/App/sine_model.o
 .data.input_0_output_array
                0x00000000200000fc       0x10 X-CUBE-AI/App/sine_model.o
 .data.lstm_1_output_array
                0x000000002000010c       0x10 X-CUBE-AI/App/sine_model.o
 .data.dense_2_output_array
                0x000000002000011c       0x10 X-CUBE-AI/App/sine_model.o
 .data.dense_2_nl_output_array
                0x000000002000012c       0x10 X-CUBE-AI/App/sine_model.o
 .data.dense_3_output_array
                0x000000002000013c       0x10 X-CUBE-AI/App/sine_model.o
 .data.lstm_1_scratch0
                0x000000002000014c       0x1c X-CUBE-AI/App/sine_model.o
 .data.dense_3_bias
                0x0000000020000168       0x1c X-CUBE-AI/App/sine_model.o
 .data.dense_3_weights
                0x0000000020000184       0x1c X-CUBE-AI/App/sine_model.o
 .data.dense_2_bias
                0x00000000200001a0       0x1c X-CUBE-AI/App/sine_model.o
 .data.dense_2_weights
                0x00000000200001bc       0x1c X-CUBE-AI/App/sine_model.o
 .data.lstm_1_bias
                0x00000000200001d8       0x1c X-CUBE-AI/App/sine_model.o
 .data.lstm_1_peephole
                0x00000000200001f4       0x1c X-CUBE-AI/App/sine_model.o
 .data.lstm_1_recurrent
                0x0000000020000210       0x1c X-CUBE-AI/App/sine_model.o
 .data.lstm_1_kernel
                0x000000002000022c       0x1c X-CUBE-AI/App/sine_model.o
 .data.input_0_output
                0x0000000020000248       0x1c X-CUBE-AI/App/sine_model.o
 .data.lstm_1_output
                0x0000000020000264       0x1c X-CUBE-AI/App/sine_model.o
 .data.dense_2_output
                0x0000000020000280       0x1c X-CUBE-AI/App/sine_model.o
 .data.dense_2_nl_output
                0x000000002000029c       0x1c X-CUBE-AI/App/sine_model.o
 .data.dense_3_output
                0x00000000200002b8       0x1c X-CUBE-AI/App/sine_model.o
 .data.lstm_1_layer
                0x00000000200002d4       0x2c X-CUBE-AI/App/sine_model.o
 .data.dense_2_layer
                0x0000000020000300       0x18 X-CUBE-AI/App/sine_model.o
 .data.dense_2_nl_layer
                0x0000000020000318       0x1c X-CUBE-AI/App/sine_model.o
 .data.dense_3_layer
                0x0000000020000334       0x18 X-CUBE-AI/App/sine_model.o
 .data.__compound_literal.0
                0x000000002000034c       0x10 X-CUBE-AI/App/sine_model.o
 .data.__compound_literal.1
                0x000000002000035c       0x10 X-CUBE-AI/App/sine_model.o
 .data.__compound_literal.2
                0x000000002000036c       0x10 X-CUBE-AI/App/sine_model.o
 .data.__compound_literal.3
                0x000000002000037c       0x10 X-CUBE-AI/App/sine_model.o
 .data.__compound_literal.4
                0x000000002000038c       0x10 X-CUBE-AI/App/sine_model.o
 .data.__compound_literal.5
                0x000000002000039c       0x10 X-CUBE-AI/App/sine_model.o
 .data.__compound_literal.6
                0x00000000200003ac       0x10 X-CUBE-AI/App/sine_model.o
 .data.__compound_literal.7
                0x00000000200003bc       0x10 X-CUBE-AI/App/sine_model.o
 .data.__compound_literal.8
                0x00000000200003cc       0x10 X-CUBE-AI/App/sine_model.o
 .data.__compound_literal.9
                0x00000000200003dc       0x10 X-CUBE-AI/App/sine_model.o
 .data.__compound_literal.10
                0x00000000200003ec       0x10 X-CUBE-AI/App/sine_model.o
 .data.__compound_literal.11
                0x00000000200003fc       0x10 X-CUBE-AI/App/sine_model.o
 .data.__compound_literal.12
                0x000000002000040c       0x10 X-CUBE-AI/App/sine_model.o
 .data.__compound_literal.13
                0x000000002000041c       0x10 X-CUBE-AI/App/sine_model.o
 .data.__compound_literal.14
                0x000000002000042c       0x10 X-CUBE-AI/App/sine_model.o
 .data.__compound_literal.15
                0x000000002000043c       0x10 X-CUBE-AI/App/sine_model.o
 .data.__compound_literal.16
                0x000000002000044c       0x10 X-CUBE-AI/App/sine_model.o
 .data.__compound_literal.17
                0x000000002000045c       0x10 X-CUBE-AI/App/sine_model.o
 .data.__compound_literal.18
                0x000000002000046c       0x10 X-CUBE-AI/App/sine_model.o
 .data.__compound_literal.19
                0x000000002000047c       0x10 X-CUBE-AI/App/sine_model.o
 .data.__compound_literal.20
                0x000000002000048c       0x10 X-CUBE-AI/App/sine_model.o
 .data.__compound_literal.21
                0x000000002000049c       0x10 X-CUBE-AI/App/sine_model.o
 .data.__compound_literal.22
                0x00000000200004ac       0x10 X-CUBE-AI/App/sine_model.o
 .data.__compound_literal.23
                0x00000000200004bc       0x10 X-CUBE-AI/App/sine_model.o
 .data.__compound_literal.24
                0x00000000200004cc       0x10 X-CUBE-AI/App/sine_model.o
 .data.__compound_literal.25
                0x00000000200004dc       0x10 X-CUBE-AI/App/sine_model.o
 .data.__compound_literal.26
                0x00000000200004ec       0x10 X-CUBE-AI/App/sine_model.o
 .data.__compound_literal.27
                0x00000000200004fc       0x10 X-CUBE-AI/App/sine_model.o
 .data.__compound_literal.28
                0x000000002000050c        0x4 X-CUBE-AI/App/sine_model.o
 .data.__compound_literal.29
                0x0000000020000510        0x4 X-CUBE-AI/App/sine_model.o
 .data.__compound_literal.30
                0x0000000020000514       0x1c X-CUBE-AI/App/sine_model.o
 .data.__compound_literal.31
                0x0000000020000530        0x4 X-CUBE-AI/App/sine_model.o
 .data.__compound_literal.32
                0x0000000020000534       0x30 X-CUBE-AI/App/sine_model.o
 .data.__compound_literal.33
                0x0000000020000564        0x4 X-CUBE-AI/App/sine_model.o
 .data.__compound_literal.34
                0x0000000020000568        0x4 X-CUBE-AI/App/sine_model.o
 .data.__compound_literal.35
                0x000000002000056c        0x8 X-CUBE-AI/App/sine_model.o
 .data.__compound_literal.37
                0x0000000020000574       0x30 X-CUBE-AI/App/sine_model.o
 .data.__compound_literal.38
                0x00000000200005a4        0x4 X-CUBE-AI/App/sine_model.o
 .data.__compound_literal.39
                0x00000000200005a8        0x4 X-CUBE-AI/App/sine_model.o
 .data.__compound_literal.42
                0x00000000200005ac       0x30 X-CUBE-AI/App/sine_model.o
 .data.__compound_literal.43
                0x00000000200005dc        0x4 X-CUBE-AI/App/sine_model.o
 .data.__compound_literal.44
                0x00000000200005e0        0x4 X-CUBE-AI/App/sine_model.o
 .data.__compound_literal.45
                0x00000000200005e4        0x8 X-CUBE-AI/App/sine_model.o
 .data.__compound_literal.47
                0x00000000200005ec       0x30 X-CUBE-AI/App/sine_model.o
 .data.__compound_literal.48
                0x000000002000061c        0x4 X-CUBE-AI/App/sine_model.o
 .data.__compound_literal.52
                0x0000000020000620        0xc X-CUBE-AI/App/sine_model.o
 .data.__compound_literal.53
                0x000000002000062c        0x4 X-CUBE-AI/App/sine_model.o
 .data.__compound_literal.57
                0x0000000020000630        0xc X-CUBE-AI/App/sine_model.o
 .data.__compound_literal.58
                0x000000002000063c       0x18 X-CUBE-AI/App/sine_model.o
 .data._impure_ptr
                0x0000000020000654        0x4 c:/st/stm32cubeide_1.6.0/stm32cubeide/plugins/com.st.stm32cube.ide.mcu.externaltools.gnu-tools-for-stm32.9-2020-q2-update.win32_1.5.0.202011040924/tools/bin/../lib/gcc/arm-none-eabi/9.3.1/../../../../arm-none-eabi/lib/thumb/v7e-m+fp/hard\libc_nano.a(lib_a-impure.o)
                0x0000000020000654                _impure_ptr
 .data.impure_data
                0x0000000020000658       0x60 c:/st/stm32cubeide_1.6.0/stm32cubeide/plugins/com.st.stm32cube.ide.mcu.externaltools.gnu-tools-for-stm32.9-2020-q2-update.win32_1.5.0.202011040924/tools/bin/../lib/gcc/arm-none-eabi/9.3.1/../../../../arm-none-eabi/lib/thumb/v7e-m+fp/hard\libc_nano.a(lib_a-impure.o)
 .data.__global_locale
                0x00000000200006b8      0x16c c:/st/stm32cubeide_1.6.0/stm32cubeide/plugins/com.st.stm32cube.ide.mcu.externaltools.gnu-tools-for-stm32.9-2020-q2-update.win32_1.5.0.202011040924/tools/bin/../lib/gcc/arm-none-eabi/9.3.1/../../../../arm-none-eabi/lib/thumb/v7e-m+fp/hard\libc_nano.a(lib_a-locale.o)
                0x00000000200006b8                __global_locale
 .data.__fdlib_version
                0x0000000020000824        0x1 c:/st/stm32cubeide_1.6.0/stm32cubeide/plugins/com.st.stm32cube.ide.mcu.externaltools.gnu-tools-for-stm32.9-2020-q2-update.win32_1.5.0.202011040924/tools/bin/../lib/gcc/arm-none-eabi/9.3.1/../../../../arm-none-eabi/lib/thumb/v7e-m+fp/hard\libm.a(lib_a-s_lib_ver.o)
                0x0000000020000824                __fdlib_version
 *(.RamFunc)
 *(.RamFunc*)
                0x0000000020000828                . = ALIGN (0x4)
 *fill*         0x0000000020000825        0x3 
                0x0000000020000828                _edata = .

.igot.plt       0x0000000020000828        0x0 load address 0x000000000803c9f4
 .igot.plt      0x0000000020000828        0x0 c:/st/stm32cubeide_1.6.0/stm32cubeide/plugins/com.st.stm32cube.ide.mcu.externaltools.gnu-tools-for-stm32.9-2020-q2-update.win32_1.5.0.202011040924/tools/bin/../lib/gcc/arm-none-eabi/9.3.1/thumb/v7e-m+fp/hard/crtbegin.o
                0x0000000020000828                . = ALIGN (0x4)

.bss            0x0000000020000828      0x23c load address 0x000000000803c9f4
                0x0000000020000828                _sbss = .
                0x0000000020000828                __bss_start__ = _sbss
 *(.bss)