stm32l4xx_hal_uart_ex.c:1029:13:UARTEx_SetNbDataToProcess	12	static
stm32l4xx_hal_uart_ex.c:170:19:HAL_RS485Ex_Init	24	static
stm32l4xx_hal_uart_ex.c:276:13:HAL_UARTEx_WakeupCallback	0	static
stm32l4xx_hal_uart_ex.c:292:13:HAL_UARTEx_RxFifoFullCallback	0	static
stm32l4xx_hal_uart_ex.c:307:13:HAL_UARTEx_TxFifoEmptyCallback	0	static
stm32l4xx_hal_uart_ex.c:439:19:HAL_MultiProcessorEx_AddressLength_Set	0	static
stm32l4xx_hal_uart_ex.c:477:19:HAL_UARTEx_StopModeWakeUpSourceConfig	24	static
stm32l4xx_hal_uart_ex.c:532:19:HAL_UARTEx_EnableStopMode	0	static
stm32l4xx_hal_uart_ex.c:551:19:HAL_UARTEx_DisableStopMode	0	static
stm32l4xx_hal_uart_ex.c:571:19:HAL_UARTEx_EnableFifoMode	8	static
stm32l4xx_hal_uart_ex.c:612:19:HAL_UARTEx_DisableFifoMode	0	static
stm32l4xx_hal_uart_ex.c:658:19:HAL_UARTEx_SetTxFifoThreshold	16	static
stm32l4xx_hal_uart_ex.c:707:19:HAL_UARTEx_SetRxFifoThreshold	16	static
stm32l4xx_hal_uart_ex.c:763:19:HAL_UARTEx_ReceiveToIdle	40	static
stm32l4xx_hal_uart_ex.c:886:19:HAL_UARTEx_ReceiveToIdle_IT	16	static
stm32l4xx_hal_uart_ex.c:947:19:HAL_UARTEx_ReceiveToIdle_DMA	16	static
